Archive member included because of file (symbol)

c:/program files (x86)/atollic/truestudio for arm pro 3.3.0/armtools/bin/../lib/gcc/arm-atollic-eabi/4.6.2/../../../../arm-atollic-eabi/lib/thumb/armv7-m\libc.a(lib_a-init.o)
                              BSP\cstartup.o (__libc_init_array)
c:/program files (x86)/atollic/truestudio for arm pro 3.3.0/armtools/bin/../lib/gcc/arm-atollic-eabi/4.6.2/../../../../arm-atollic-eabi/lib/thumb/armv7-m\libc.a(lib_a-vsnprintf.o)
                              BSP\bsp_ser.o (vsnprintf)
c:/program files (x86)/atollic/truestudio for arm pro 3.3.0/armtools/bin/../lib/gcc/arm-atollic-eabi/4.6.2/../../../../arm-atollic-eabi/lib/thumb/armv7-m\libc.a(lib_a-impure.o)
                              c:/program files (x86)/atollic/truestudio for arm pro 3.3.0/armtools/bin/../lib/gcc/arm-atollic-eabi/4.6.2/../../../../arm-atollic-eabi/lib/thumb/armv7-m\libc.a(lib_a-vsnprintf.o) (_impure_ptr)
c:/program files (x86)/atollic/truestudio for arm pro 3.3.0/armtools/bin/../lib/gcc/arm-atollic-eabi/4.6.2/../../../../arm-atollic-eabi/lib/thumb/armv7-m\libc.a(lib_a-svfprintf.o)
                              c:/program files (x86)/atollic/truestudio for arm pro 3.3.0/armtools/bin/../lib/gcc/arm-atollic-eabi/4.6.2/../../../../arm-atollic-eabi/lib/thumb/armv7-m\libc.a(lib_a-vsnprintf.o) (_svfprintf_r)
c:/program files (x86)/atollic/truestudio for arm pro 3.3.0/armtools/bin/../lib/gcc/arm-atollic-eabi/4.6.2/../../../../arm-atollic-eabi/lib/thumb/armv7-m\libc.a(lib_a-dtoa.o)
                              c:/program files (x86)/atollic/truestudio for arm pro 3.3.0/armtools/bin/../lib/gcc/arm-atollic-eabi/4.6.2/../../../../arm-atollic-eabi/lib/thumb/armv7-m\libc.a(lib_a-svfprintf.o) (_dtoa_r)
c:/program files (x86)/atollic/truestudio for arm pro 3.3.0/armtools/bin/../lib/gcc/arm-atollic-eabi/4.6.2/../../../../arm-atollic-eabi/lib/thumb/armv7-m\libc.a(lib_a-locale.o)
                              c:/program files (x86)/atollic/truestudio for arm pro 3.3.0/armtools/bin/../lib/gcc/arm-atollic-eabi/4.6.2/../../../../arm-atollic-eabi/lib/thumb/armv7-m\libc.a(lib_a-svfprintf.o) (_localeconv_r)
c:/program files (x86)/atollic/truestudio for arm pro 3.3.0/armtools/bin/../lib/gcc/arm-atollic-eabi/4.6.2/../../../../arm-atollic-eabi/lib/thumb/armv7-m\libc.a(lib_a-malloc.o)
                              c:/program files (x86)/atollic/truestudio for arm pro 3.3.0/armtools/bin/../lib/gcc/arm-atollic-eabi/4.6.2/../../../../arm-atollic-eabi/lib/thumb/armv7-m\libc.a(lib_a-dtoa.o) (malloc)
c:/program files (x86)/atollic/truestudio for arm pro 3.3.0/armtools/bin/../lib/gcc/arm-atollic-eabi/4.6.2/../../../../arm-atollic-eabi/lib/thumb/armv7-m\libc.a(lib_a-mallocr.o)
                              c:/program files (x86)/atollic/truestudio for arm pro 3.3.0/armtools/bin/../lib/gcc/arm-atollic-eabi/4.6.2/../../../../arm-atollic-eabi/lib/thumb/armv7-m\libc.a(lib_a-svfprintf.o) (_malloc_r)
c:/program files (x86)/atollic/truestudio for arm pro 3.3.0/armtools/bin/../lib/gcc/arm-atollic-eabi/4.6.2/../../../../arm-atollic-eabi/lib/thumb/armv7-m\libc.a(lib_a-memchr.o)
                              c:/program files (x86)/atollic/truestudio for arm pro 3.3.0/armtools/bin/../lib/gcc/arm-atollic-eabi/4.6.2/../../../../arm-atollic-eabi/lib/thumb/armv7-m\libc.a(lib_a-svfprintf.o) (memchr)
c:/program files (x86)/atollic/truestudio for arm pro 3.3.0/armtools/bin/../lib/gcc/arm-atollic-eabi/4.6.2/../../../../arm-atollic-eabi/lib/thumb/armv7-m\libc.a(lib_a-memcpy.o)
                              c:/program files (x86)/atollic/truestudio for arm pro 3.3.0/armtools/bin/../lib/gcc/arm-atollic-eabi/4.6.2/../../../../arm-atollic-eabi/lib/thumb/armv7-m\libc.a(lib_a-dtoa.o) (memcpy)
c:/program files (x86)/atollic/truestudio for arm pro 3.3.0/armtools/bin/../lib/gcc/arm-atollic-eabi/4.6.2/../../../../arm-atollic-eabi/lib/thumb/armv7-m\libc.a(lib_a-mlock.o)
                              c:/program files (x86)/atollic/truestudio for arm pro 3.3.0/armtools/bin/../lib/gcc/arm-atollic-eabi/4.6.2/../../../../arm-atollic-eabi/lib/thumb/armv7-m\libc.a(lib_a-mallocr.o) (__malloc_lock)
c:/program files (x86)/atollic/truestudio for arm pro 3.3.0/armtools/bin/../lib/gcc/arm-atollic-eabi/4.6.2/../../../../arm-atollic-eabi/lib/thumb/armv7-m\libc.a(lib_a-mprec.o)
                              c:/program files (x86)/atollic/truestudio for arm pro 3.3.0/armtools/bin/../lib/gcc/arm-atollic-eabi/4.6.2/../../../../arm-atollic-eabi/lib/thumb/armv7-m\libc.a(lib_a-dtoa.o) (_Balloc)
c:/program files (x86)/atollic/truestudio for arm pro 3.3.0/armtools/bin/../lib/gcc/arm-atollic-eabi/4.6.2/../../../../arm-atollic-eabi/lib/thumb/armv7-m\libc.a(lib_a-s_fpclassify.o)
                              c:/program files (x86)/atollic/truestudio for arm pro 3.3.0/armtools/bin/../lib/gcc/arm-atollic-eabi/4.6.2/../../../../arm-atollic-eabi/lib/thumb/armv7-m\libc.a(lib_a-svfprintf.o) (__fpclassifyd)
[...]
Memory Configuration

Name             Origin             Length             Attributes
FLASH            0x08000000         0x00040000         xr
RAM              0x20000000         0x00010000         xrw
MEMORY_B1        0x60000000         0x00000000         xr
*default*        0x00000000         0xffffffff

Linker script and memory map

LOAD c:/program files (x86)/atollic/truestudio for arm pro 3.3.0/armtools/bin/../lib/gcc/arm-atollic-eabi/4.6.2/thumb/armv7-m/crti.o
LOAD c:/program files (x86)/atollic/truestudio for arm pro 3.3.0/armtools/bin/../lib/gcc/arm-atollic-eabi/4.6.2/thumb/armv7-m/crtbegin.o
LOAD uCOS-III\Source\os_var.o
LOAD uCOS-III\Source\os_tmr.o
LOAD uCOS-III\Source\os_time.o
LOAD uCOS-III\Source\os_tick.o
LOAD uCOS-III\Source\os_task.o
LOAD uCOS-III\Source\os_stat.o
LOAD uCOS-III\Source\os_sem.o
LOAD uCOS-III\Source\os_q.o
LOAD uCOS-III\Source\os_prio.o
LOAD uCOS-III\Source\os_pend_multi.o
LOAD uCOS-III\Source\os_mutex.o
LOAD uCOS-III\Source\os_msg.o
LOAD uCOS-III\Source\os_mem.o
LOAD uCOS-III\Source\os_int.o
LOAD uCOS-III\Source\os_flag.o
LOAD uCOS-III\Source\os_dbg.o
LOAD uCOS-III\Source\os_core.o
LOAD uCOS-III\Source\os_cfg_app.o
LOAD uCOS-III\Ports\ARM-Cortex-M3\Generic\GNU\os_cpu_c.o
LOAD uCOS-III\Ports\ARM-Cortex-M3\Generic\GNU\os_cpu_a.o
LOAD uC-LIB\lib_str.o
LOAD uC-LIB\lib_mem.o
LOAD uC-LIB\lib_math.o
LOAD uC-LIB\lib_ascii.o
LOAD uC-CPU\cpu_core.o
LOAD uC-CPU\ARM-Cortex-M3\GNU\cpu_c.o
LOAD uC-CPU\ARM-Cortex-M3\GNU\cpu_a.o
LOAD BSP\cstartup.o
LOAD BSP\bsp_stlm75.o
LOAD BSP\bsp_ser.o
LOAD BSP\bsp_periph.o
LOAD BSP\bsp_int.o
LOAD BSP\bsp_i2c.o
LOAD BSP\bsp.o
LOAD BSP\ST\STM32\src\stm32f10x_wwdg.o
LOAD BSP\ST\STM32\src\stm32f10x_usart.o
LOAD BSP\ST\STM32\src\stm32f10x_tim.o
LOAD BSP\ST\STM32\src\stm32f10x_systick.o
LOAD BSP\ST\STM32\src\stm32f10x_spi.o
LOAD BSP\ST\STM32\src\stm32f10x_sdio.o
LOAD BSP\ST\STM32\src\stm32f10x_rtc.o
LOAD BSP\ST\STM32\src\stm32f10x_rcc.o
LOAD BSP\ST\STM32\src\stm32f10x_pwr.o
LOAD BSP\ST\STM32\src\stm32f10x_nvic.o
LOAD BSP\ST\STM32\src\stm32f10x_lib.o
LOAD BSP\ST\STM32\src\stm32f10x_iwdg.o
LOAD BSP\ST\STM32\src\stm32f10x_i2c.o
LOAD BSP\ST\STM32\src\stm32f10x_gpio.o
LOAD BSP\ST\STM32\src\stm32f10x_fsmc.o
LOAD BSP\ST\STM32\src\stm32f10x_flash.o
LOAD BSP\ST\STM32\src\stm32f10x_exti.o
LOAD BSP\ST\STM32\src\stm32f10x_dma.o
LOAD BSP\ST\STM32\src\stm32f10x_dbgmcu.o
LOAD BSP\ST\STM32\src\stm32f10x_dac.o
LOAD BSP\ST\STM32\src\stm32f10x_crc.o
LOAD BSP\ST\STM32\src\stm32f10x_can.o
LOAD BSP\ST\STM32\src\stm32f10x_bkp.o
LOAD BSP\ST\STM32\src\stm32f10x_adc.o
LOAD BSP\OS\bsp_os.o
LOAD APP\os_app_hooks.o
LOAD APP\app.o
                0x00001000                malloc_getpagesize_P = 0x1000
START GROUP
LOAD c:/program files (x86)/atollic/truestudio for arm pro 3.3.0/armtools/bin/../lib/gcc/arm-atollic-eabi/4.6.2/thumb/armv7-m\libgcc.a
LOAD c:/program files (x86)/atollic/truestudio for arm pro 3.3.0/armtools/bin/../lib/gcc/arm-atollic-eabi/4.6.2/../../../../arm-atollic-eabi/lib/thumb/armv7-m\libc.a
END GROUP
LOAD c:/program files (x86)/atollic/truestudio for arm pro 3.3.0/armtools/bin/../lib/gcc/arm-atollic-eabi/4.6.2/thumb/armv7-m/crtend.o
LOAD c:/program files (x86)/atollic/truestudio for arm pro 3.3.0/armtools/bin/../lib/gcc/arm-atollic-eabi/4.6.2/thumb/armv7-m/crtn.o
                0x20010000                _estack = 0x20010000
                0x00000000                _Min_Heap_Size = 0x0
                0x00000200                _Min_Stack_Size = 0x200

.isr_vector     0x08000000      0x150
                0x08000000                . = ALIGN (0x4)
 *(.isr_vector)
 .isr_vector    0x08000000      0x150 BSP\cstartup.o
                0x08000000                g_pfnVectors
                0x08000150                . = ALIGN (0x4)

.text           0x08000150     0xe118
                0x08000150                . = ALIGN (0x4)
 *(.text)
 .text          0x08000150       0x54 c:/program files (x86)/atollic/truestudio for arm pro 3.3.0/armtools/bin/../lib/gcc/arm-atollic-eabi/4.6.2/thumb/armv7-m/crtbegin.o
 .text          0x080001a4       0x88 uCOS-III\Ports\ARM-Cortex-M3\Generic\GNU\os_cpu_a.o
                0x080001a4                OSStartHighRdy
                0x080001c2                OS_CPU_PendSVHandler
 .text          0x0800022c       0x34 uC-CPU\ARM-Cortex-M3\GNU\cpu_a.o
                0x0800022c                CPU_IntDis
                0x08000230                CPU_IntEn
                0x08000234                CPU_SR_Save
                0x0800023c                CPU_SR_Restore
                0x08000242                CPU_WaitForInt
                0x08000246                CPU_WaitForExcept
                0x0800024a                CPU_CntLeadZeros
                0x08000250                CPU_CntTrailZeros
                0x0800025a                CPU_RevBits
 .text          0x08000260      0x370 c:/program files (x86)/atollic/truestudio for arm pro 3.3.0/armtools/bin/../lib/gcc/arm-atollic-eabi/4.6.2/thumb/armv7-m\libgcc.a(_arm_addsubdf3.o)
                0x08000260                __aeabi_drsub
                0x08000268                __aeabi_dsub
                0x08000268                __subdf3
                0x0800026c                __aeabi_dadd
                0x0800026c                __adddf3
                0x080004e4                __floatunsidf
                0x080004e4                __aeabi_ui2d
                0x08000504                __floatsidf
                0x08000504                __aeabi_i2d
                0x08000528                __aeabi_f2d
                0x08000528                __extendsfdf2
                0x08000564                __floatundidf
                0x08000564                __aeabi_ul2d
                0x08000574                __floatdidf
                0x08000574                __aeabi_l2d
 .text          0x080005d0      0x424 c:/program files (x86)/atollic/truestudio for arm pro 3.3.0/armtools/bin/../lib/gcc/arm-atollic-eabi/4.6.2/thumb/armv7-m\libgcc.a(_arm_muldivdf3.o)
                0x080005d0                __aeabi_dmul
                0x080005d0                __muldf3
                0x08000824                __divdf3
                0x08000824                __aeabi_ddiv
 .text          0x080009f4      0x110 c:/program files (x86)/atollic/truestudio for arm pro 3.3.0/armtools/bin/../lib/gcc/arm-atollic-eabi/4.6.2/thumb/armv7-m\libgcc.a(_arm_cmpdf2.o)
                0x080009f4                __gtdf2
                0x080009f4                __gedf2
                0x080009fc                __ltdf2
                0x080009fc                __ledf2
                0x08000a04                __nedf2
                0x08000a04                __eqdf2
                0x08000a04                __cmpdf2
                0x08000a80                __aeabi_cdrcmple
                0x08000a90                __aeabi_cdcmpeq
                0x08000a90                __aeabi_cdcmple
                0x08000aa0                __aeabi_dcmpeq
                0x08000ab4                __aeabi_dcmplt
                0x08000ac8                __aeabi_dcmple
                0x08000adc                __aeabi_dcmpge
                0x08000af0                __aeabi_dcmpgt
 .text          0x08000b04       0x50 c:/program files (x86)/atollic/truestudio for arm pro 3.3.0/armtools/bin/../lib/gcc/arm-atollic-eabi/4.6.2/thumb/armv7-m\libgcc.a(_arm_fixdfsi.o)
                0x08000b04                __aeabi_d2iz
                0x08000b04                __fixdfsi
 .text          0x08000b54       0x2c c:/program files (x86)/atollic/truestudio for arm pro 3.3.0/armtools/bin/../lib/gcc/arm-atollic-eabi/4.6.2/thumb/armv7-m\libgcc.a(_aeabi_uldivmod.o)
                0x08000b54                __aeabi_uldivmod
 .text          0x08000b80       0x5c c:/program files (x86)/atollic/truestudio for arm pro 3.3.0/armtools/bin/../lib/gcc/arm-atollic-eabi/4.6.2/thumb/armv7-m\libgcc.a(bpabi.o)
                0x08000b80                __gnu_ldivmod_helper
                0x08000bb0                __gnu_uldivmod_helper
 .text          0x08000bdc      0xb4c c:/program files (x86)/atollic/truestudio for arm pro 3.3.0/armtools/bin/../lib/gcc/arm-atollic-eabi/4.6.2/thumb/armv7-m\libgcc.a(unwind-arm.o)
                0x08000e84                _Unwind_VRS_Get
                0x08000ec4                _Unwind_VRS_Set
                0x0800121c                __aeabi_unwind_cpp_pr2
                0x08001220                __aeabi_unwind_cpp_pr1
                0x08001224                __aeabi_unwind_cpp_pr0
                0x08001228                _Unwind_VRS_Pop
                0x080015dc                _Unwind_GetCFA
                0x080015e0                __gnu_Unwind_RaiseException
                0x08001640                __gnu_Unwind_ForcedUnwind
                0x08001654                __gnu_Unwind_Resume
                0x08001690                __gnu_Unwind_Resume_or_Rethrow
                0x080016a0                _Unwind_Complete
                0x080016a4                _Unwind_DeleteException
                0x080016b4                __gnu_Unwind_Backtrace
 .text          0x08001728      0x1ac c:/program files (x86)/atollic/truestudio for arm pro 3.3.0/armtools/bin/../lib/gcc/arm-atollic-eabi/4.6.2/thumb/armv7-m\libgcc.a(libunwind.o)
                0x08001728                __restore_core_regs
                0x08001728                restore_core_regs
                0x08001740                __gnu_Unwind_Restore_VFP
                0x08001748                __gnu_Unwind_Save_VFP
                0x08001750                __gnu_Unwind_Restore_VFP_D
                0x08001758                __gnu_Unwind_Save_VFP_D
                0x08001760                __gnu_Unwind_Restore_VFP_D_16_to_31
                0x08001768                __gnu_Unwind_Save_VFP_D_16_to_31
                0x08001770                __gnu_Unwind_Restore_WMMXD
                0x080017b4                __gnu_Unwind_Save_WMMXD
                0x080017f8                __gnu_Unwind_Restore_WMMXC
                0x0800180c                __gnu_Unwind_Save_WMMXC
                0x08001820                ___Unwind_RaiseException
                0x08001820                _Unwind_RaiseException
                0x08001844                _Unwind_Resume
                0x08001844                ___Unwind_Resume
                0x08001868                _Unwind_Resume_or_Rethrow
                0x08001868                ___Unwind_Resume_or_Rethrow
                0x0800188c                _Unwind_ForcedUnwind
                0x0800188c                ___Unwind_ForcedUnwind
                0x080018b0                ___Unwind_Backtrace
                0x080018b0                _Unwind_Backtrace
 .text          0x080018d4      0x374 c:/program files (x86)/atollic/truestudio for arm pro 3.3.0/armtools/bin/../lib/gcc/arm-atollic-eabi/4.6.2/thumb/armv7-m\libgcc.a(pr-support.o)
                0x08001928                __gnu_unwind_execute
                0x08001bf0                __gnu_unwind_frame
                0x08001c18                _Unwind_GetRegionStart
                0x08001c24                _Unwind_GetLanguageSpecificData
                0x08001c38                _Unwind_GetDataRelBase
                0x08001c40                _Unwind_GetTextRelBase
 .text          0x08001c48        0x4 c:/program files (x86)/atollic/truestudio for arm pro 3.3.0/armtools/bin/../lib/gcc/arm-atollic-eabi/4.6.2/thumb/armv7-m\libgcc.a(_dvmd_tls.o)
                0x08001c48                __aeabi_idiv0
                0x08001c48                __aeabi_ldiv0
 .text          0x08001c4c      0x2c0 c:/program files (x86)/atollic/truestudio for arm pro 3.3.0/armtools/bin/../lib/gcc/arm-atollic-eabi/4.6.2/thumb/armv7-m\libgcc.a(_divdi3.o)
                0x08001c4c                __divdi3
 .text          0x08001f0c      0x28c c:/program files (x86)/atollic/truestudio for arm pro 3.3.0/armtools/bin/../lib/gcc/arm-atollic-eabi/4.6.2/thumb/armv7-m\libgcc.a(_udivdi3.o)
                0x08001f0c                __udivdi3
 *(.text*)
 .text.OS_TmrInit
                0x08002198      0x1ac uCOS-III\Source\os_tmr.o
                0x08002198                OS_TmrInit
 .text.OS_TmrLink
                0x08002344      0x19c uCOS-III\Source\os_tmr.o
                0x08002344                OS_TmrLink
 .text.OS_TmrResetPeak
                0x080024e0       0x4c uCOS-III\Source\os_tmr.o
                0x080024e0                OS_TmrResetPeak
 .text.OS_TmrUnlink
                0x0800252c       0xac uCOS-III\Source\os_tmr.o
                0x0800252c                OS_TmrUnlink
 .text.OS_TmrTask
                0x080025d8      0x13c uCOS-III\Source\os_tmr.o
                0x080025d8                OS_TmrTask
 .text.OSTimeDly
                0x08002714      0x1b4 uCOS-III\Source\os_time.o
                0x08002714                OSTimeDly
 .text.OSTimeDlyHMSM
                0x080028c8      0x2e8 uCOS-III\Source\os_time.o
                0x080028c8                OSTimeDlyHMSM
 .text.OSTimeTick
                0x08002bb0       0x6c uCOS-III\Source\os_time.o
                0x08002bb0                OSTimeTick
 .text.OS_TickTask
                0x08002c1c       0x3c uCOS-III\Source\os_tick.o
                0x08002c1c                OS_TickTask
 .text.OS_TickTaskInit
                0x08002c58       0xf0 uCOS-III\Source\os_tick.o
                0x08002c58                OS_TickTaskInit
 .text.OS_TickListInit
                0x08002d48       0x5c uCOS-III\Source\os_tick.o
                0x08002d48                OS_TickListInit
 .text.OS_TickListInsert
                0x08002da4      0x23c uCOS-III\Source\os_tick.o
                0x08002da4                OS_TickListInsert
 .text.OS_TickListRemove
                0x08002fe0       0x98 uCOS-III\Source\os_tick.o
                0x08002fe0                OS_TickListRemove
 .text.OS_TickListResetPeak
                0x08003078       0x4c uCOS-III\Source\os_tick.o
                0x08003078                OS_TickListResetPeak
 .text.OS_TickListUpdate
                0x080030c4      0x310 uCOS-III\Source\os_tick.o
                0x080030c4                OS_TickListUpdate
 .text.OSTaskCreate
                0x080033d4      0x344 uCOS-III\Source\os_task.o
                0x080033d4                OSTaskCreate
 .text.OSTaskDel
                0x08003718      0x24c uCOS-III\Source\os_task.o
                0x08003718                OSTaskDel
 .text.OSTaskResume
                0x08003964       0x9c uCOS-III\Source\os_task.o
                0x08003964                OSTaskResume
 .text.OSTaskSemPend
                0x08003a00      0x300 uCOS-III\Source\os_task.o
                0x08003a00                OSTaskSemPend
 .text.OSTaskStkChk
                0x08003d00      0x118 uCOS-III\Source\os_task.o
                0x08003d00                OSTaskStkChk
 .text.OSTaskSuspend
                0x08003e18       0x88 uCOS-III\Source\os_task.o
                0x08003e18                OSTaskSuspend
 .text.OS_TaskDbgListAdd
                0x08003ea0       0x64 uCOS-III\Source\os_task.o
                0x08003ea0                OS_TaskDbgListAdd
 .text.OS_TaskDbgListRemove
                0x08003f04       0x90 uCOS-III\Source\os_task.o
                0x08003f04                OS_TaskDbgListRemove
 .text.OS_TaskInit
                0x08003f94       0x44 uCOS-III\Source\os_task.o
                0x08003f94                OS_TaskInit
 .text.OS_TaskInitTCB
                0x08003fd8      0x218 uCOS-III\Source\os_task.o
                0x08003fd8                OS_TaskInitTCB
 .text.OS_TaskQPost
                0x080041f0      0x298 uCOS-III\Source\os_task.o
                0x080041f0                OS_TaskQPost
 .text.OS_TaskResume
                0x08004488      0x1c8 uCOS-III\Source\os_task.o
                0x08004488                OS_TaskResume
 .text.OS_TaskReturn
                0x08004650       0x2c uCOS-III\Source\os_task.o
                0x08004650                OS_TaskReturn
 .text.OS_TaskSemPost
                0x0800467c      0x3b0 uCOS-III\Source\os_task.o
                0x0800467c                OS_TaskSemPost
 .text.OS_TaskSuspend
                0x08004a2c      0x1d0 uCOS-III\Source\os_task.o
                0x08004a2c                OS_TaskSuspend
 .text.OSStatReset
                0x08004bfc      0x1cc uCOS-III\Source\os_stat.o
                0x08004bfc                OSStatReset
 .text.OSStatTaskCPUUsageInit
                0x08004dc8      0x154 uCOS-III\Source\os_stat.o
                0x08004dc8                OSStatTaskCPUUsageInit
 .text.OS_StatTask
                0x08004f1c      0x4dc uCOS-III\Source\os_stat.o
                0x08004f1c                OS_StatTask
 .text.OS_StatTaskInit
                0x080053f8      0x114 uCOS-III\Source\os_stat.o
                0x080053f8                OS_StatTaskInit
 .text.OSSemCreate
                0x0800550c      0x11c uCOS-III\Source\os_sem.o
                0x0800550c                OSSemCreate
 .text.OSSemPend
                0x08005628      0x290 uCOS-III\Source\os_sem.o
                0x08005628                OSSemPend
 .text.OSSemPost
                0x080058b8       0xd4 uCOS-III\Source\os_sem.o
                0x080058b8                OSSemPost
 .text.OS_SemDbgListAdd
                0x0800598c       0x68 uCOS-III\Source\os_sem.o
                0x0800598c                OS_SemDbgListAdd
 .text.OS_SemInit
                0x080059f4       0x38 uCOS-III\Source\os_sem.o
                0x080059f4                OS_SemInit
 .text.OS_SemPost
                0x08005a2c      0x174 uCOS-III\Source\os_sem.o
                0x08005a2c                OS_SemPost
 .text.OS_QInit
                0x08005ba0       0x38 uCOS-III\Source\os_q.o
                0x08005ba0                OS_QInit
 .text.OS_QPost
                0x08005bd8      0x1b4 uCOS-III\Source\os_q.o
                0x08005bd8                OS_QPost
 .text.OS_PrioInit
                0x08005d8c       0x38 uCOS-III\Source\os_prio.o
                0x08005d8c                OS_PrioInit
 .text.OS_PrioGetHighest
                0x08005dc4       0x50 uCOS-III\Source\os_prio.o
                0x08005dc4                OS_PrioGetHighest
 .text.OS_PrioInsert
                0x08005e14       0x58 uCOS-III\Source\os_prio.o
                0x08005e14                OS_PrioInsert
 .text.OS_PrioRemove
                0x08005e6c       0x5c uCOS-III\Source\os_prio.o
                0x08005e6c                OS_PrioRemove
 .text.OS_MutexInit
                0x08005ec8       0x38 uCOS-III\Source\os_mutex.o
                0x08005ec8                OS_MutexInit
 .text.OS_MsgPoolInit
                0x08005f00      0x124 uCOS-III\Source\os_msg.o
                0x08005f00                OS_MsgPoolInit
 .text.OS_MsgQFreeAll
                0x08006024       0xa0 uCOS-III\Source\os_msg.o
                0x08006024                OS_MsgQFreeAll
 .text.OS_MsgQInit
                0x080060c4       0x3c uCOS-III\Source\os_msg.o
                0x080060c4                OS_MsgQInit
 .text.OS_MsgQPut
                0x08006100      0x158 uCOS-III\Source\os_msg.o
                0x08006100                OS_MsgQPut
 .text.OS_MemInit
                0x08006258       0x38 uCOS-III\Source\os_mem.o
                0x08006258                OS_MemInit
 .text.OS_IntQPost
                0x08006290      0x194 uCOS-III\Source\os_int.o
                0x08006290                OS_IntQPost
 .text.OS_IntQRePost
                0x08006424      0x2b0 uCOS-III\Source\os_int.o
                0x08006424                OS_IntQRePost
 .text.OS_IntQTask
                0x080066d4      0x104 uCOS-III\Source\os_int.o
                0x080066d4                OS_IntQTask
 .text.OS_IntQTaskInit
                0x080067d8      0x1cc uCOS-III\Source\os_int.o
                0x080067d8                OS_IntQTaskInit
 .text.OS_FlagInit
                0x080069a4       0x38 uCOS-III\Source\os_flag.o
                0x080069a4                OS_FlagInit
 .text.OS_FlagPost
                0x080069dc      0x2ec uCOS-III\Source\os_flag.o
                0x080069dc                OS_FlagPost
 .text.OS_FlagTaskRdy
                0x08006cc8       0x8c uCOS-III\Source\os_flag.o
                0x08006cc8                OS_FlagTaskRdy
 .text.OS_Dbg_Init
                0x08006d54      0x2d8 uCOS-III\Source\os_dbg.o
                0x08006d54                OS_Dbg_Init
 .text.OSInit   0x0800702c      0x284 uCOS-III\Source\os_core.o
                0x0800702c                OSInit
 .text.OSIntEnter
                0x080072b0       0x48 uCOS-III\Source\os_core.o
                0x080072b0                OSIntEnter
 .text.OSIntExit
                0x080072f8      0x130 uCOS-III\Source\os_core.o
                0x080072f8                OSIntExit
 .text.OSSched  0x08007428       0xe4 uCOS-III\Source\os_core.o
                0x08007428                OSSched
 .text.OSSchedLock
                0x0800750c       0x9c uCOS-III\Source\os_core.o
                0x0800750c                OSSchedLock
 .text.OSSchedUnlock
                0x080075a8       0xc0 uCOS-III\Source\os_core.o
                0x080075a8                OSSchedUnlock
 .text.OSStart  0x08007668       0xac uCOS-III\Source\os_core.o
                0x08007668                OSStart
 .text.OS_IdleTask
                0x08007714       0x5c uCOS-III\Source\os_core.o
                0x08007714                OS_IdleTask
 .text.OS_IdleTaskInit
                0x08007770       0x84 uCOS-III\Source\os_core.o
                0x08007770                OS_IdleTaskInit
 .text.OS_Pend  0x080077f4       0xb4 uCOS-III\Source\os_core.o
                0x080077f4                OS_Pend
 .text.OS_PendDataInit
                0x080078a8       0x7c uCOS-III\Source\os_core.o
                0x080078a8                OS_PendDataInit
 .text.OS_PendDbgNameAdd
                0x08007924       0x84 uCOS-III\Source\os_core.o
                0x08007924                OS_PendDbgNameAdd
 .text.OS_PendDbgNameRemove
                0x080079a8       0x54 uCOS-III\Source\os_core.o
                0x080079a8                OS_PendDbgNameRemove
 .text.OS_PendListInit
                0x080079fc       0x2c uCOS-III\Source\os_core.o
                0x080079fc                OS_PendListInit
 .text.OS_PendListInsertPrio
                0x08007a28       0xf4 uCOS-III\Source\os_core.o
                0x08007a28                OS_PendListInsertPrio
 .text.OS_PendListRemove
                0x08007b1c       0x5c uCOS-III\Source\os_core.o
                0x08007b1c                OS_PendListRemove
 .text.OS_PendListRemove1
                0x08007b78       0xa0 uCOS-III\Source\os_core.o
                0x08007b78                OS_PendListRemove1
 .text.OS_Post  0x08007c18      0x11c uCOS-III\Source\os_core.o
                0x08007c18                OS_Post
 .text.OS_Post1
                0x08007d34       0x60 uCOS-III\Source\os_core.o
                0x08007d34                OS_Post1
 .text.OS_RdyListInit
                0x08007d94       0x5c uCOS-III\Source\os_core.o
                0x08007d94                OS_RdyListInit
 .text.OS_RdyListInsert
                0x08007df0       0x40 uCOS-III\Source\os_core.o
                0x08007df0                OS_RdyListInsert
 .text.OS_RdyListInsertHead
                0x08007e30       0x94 uCOS-III\Source\os_core.o
                0x08007e30                OS_RdyListInsertHead
 .text.OS_RdyListInsertTail
                0x08007ec4       0x90 uCOS-III\Source\os_core.o
                0x08007ec4                OS_RdyListInsertTail
 .text.OS_RdyListMoveHeadToTail
                0x08007f54       0x98 uCOS-III\Source\os_core.o
                0x08007f54                OS_RdyListMoveHeadToTail
 .text.OS_RdyListRemove
                0x08007fec       0xc8 uCOS-III\Source\os_core.o
                0x08007fec                OS_RdyListRemove
 .text.OS_Sched0
                0x080080b4       0x80 uCOS-III\Source\os_core.o
                0x080080b4                OS_Sched0
 .text.OS_SchedLockTimeMeasStart
                0x08008134       0x24 uCOS-III\Source\os_core.o
                0x08008134                OS_SchedLockTimeMeasStart
 .text.OS_SchedLockTimeMeasStop
                0x08008158       0x68 uCOS-III\Source\os_core.o
                0x08008158                OS_SchedLockTimeMeasStop
 .text.OS_SchedRoundRobin
                0x080081c0       0xf4 uCOS-III\Source\os_core.o
                0x080081c0                OS_SchedRoundRobin
 .text.OS_TaskBlock
                0x080082b4       0x58 uCOS-III\Source\os_core.o
                0x080082b4                OS_TaskBlock
 .text.OS_TaskRdy
                0x0800830c       0x2c uCOS-III\Source\os_core.o
                0x0800830c                OS_TaskRdy
 .text.OSCfg_Init
                0x08008338        0xc uCOS-III\Source\os_cfg_app.o
                0x08008338                OSCfg_Init
 .text.OSIdleTaskHook
                0x08008344       0x20 uCOS-III\Ports\ARM-Cortex-M3\Generic\GNU\os_cpu_c.o
                0x08008344                OSIdleTaskHook
 .text.OSInitHook
                0x08008364       0x74 uCOS-III\Ports\ARM-Cortex-M3\Generic\GNU\os_cpu_c.o
                0x08008364                OSInitHook
 .text.OSStatTaskHook
                0x080083d8       0x20 uCOS-III\Ports\ARM-Cortex-M3\Generic\GNU\os_cpu_c.o
                0x080083d8                OSStatTaskHook
 .text.OSTaskCreateHook
                0x080083f8       0x2c uCOS-III\Ports\ARM-Cortex-M3\Generic\GNU\os_cpu_c.o
                0x080083f8                OSTaskCreateHook
 .text.OSTaskDelHook
                0x08008424       0x2c uCOS-III\Ports\ARM-Cortex-M3\Generic\GNU\os_cpu_c.o
                0x08008424                OSTaskDelHook
 .text.OSTaskReturnHook
                0x08008450       0x2c uCOS-III\Ports\ARM-Cortex-M3\Generic\GNU\os_cpu_c.o
                0x08008450                OSTaskReturnHook
 .text.OSTaskStkInit
                0x0800847c      0x128 uCOS-III\Ports\ARM-Cortex-M3\Generic\GNU\os_cpu_c.o
                0x0800847c                OSTaskStkInit
 .text.OSTaskSwHook
                0x080085a4      0x114 uCOS-III\Ports\ARM-Cortex-M3\Generic\GNU\os_cpu_c.o
                0x080085a4                OSTaskSwHook
 .text.OSTimeTickHook
                0x080086b8       0x20 uCOS-III\Ports\ARM-Cortex-M3\Generic\GNU\os_cpu_c.o
                0x080086b8                OSTimeTickHook
 .text.OS_CPU_SysTickHandler
                0x080086d8       0x4c uCOS-III\Ports\ARM-Cortex-M3\Generic\GNU\os_cpu_c.o
                0x080086d8                OS_CPU_SysTickHandler
 .text.OS_CPU_SysTickInit
                0x08008724       0x74 uCOS-III\Ports\ARM-Cortex-M3\Generic\GNU\os_cpu_c.o
                0x08008724                OS_CPU_SysTickInit
 .text.Mem_Init
                0x08008798       0xbc uC-LIB\lib_mem.o
                0x08008798                Mem_Init
 .text.Mem_Clr  0x08008854       0x20 uC-LIB\lib_mem.o
                0x08008854                Mem_Clr
 .text.Mem_Set  0x08008874       0xe4 uC-LIB\lib_mem.o
                0x08008874                Mem_Set
 .text.CPU_Init
                0x08008958       0x14 uC-CPU\cpu_core.o
                0x08008958                CPU_Init
 .text.CPU_NameClr
                0x0800896c       0x3c uC-CPU\cpu_core.o
                0x0800896c                CPU_NameClr
 .text.CPU_TS_TmrFreqSet
                0x080089a8       0x20 uC-CPU\cpu_core.o
                0x080089a8                CPU_TS_TmrFreqSet
 .text.CPU_IntDisMeasMaxCurReset
                0x080089c8       0x3c uC-CPU\cpu_core.o
                0x080089c8                CPU_IntDisMeasMaxCurReset
 .text.CPU_IntDisMeasMaxCurGet
                0x08008a04       0x3c uC-CPU\cpu_core.o
                0x08008a04                CPU_IntDisMeasMaxCurGet
 .text.CPU_IntDisMeasMaxGet
                0x08008a40       0x3c uC-CPU\cpu_core.o
                0x08008a40                CPU_IntDisMeasMaxGet
 .text.CPU_IntDisMeasStart
                0x08008a7c       0x58 uC-CPU\cpu_core.o
                0x08008a7c                CPU_IntDisMeasStart
 .text.CPU_IntDisMeasStop
                0x08008ad4       0x98 uC-CPU\cpu_core.o
                0x08008ad4                CPU_IntDisMeasStop
 .text.CPU_NameInit
                0x08008b6c        0xc uC-CPU\cpu_core.o
 .text.CPU_TS_Init
                0x08008b78       0x18 uC-CPU\cpu_core.o
 .text.CPU_IntDisMeasInit
                0x08008b90       0xf0 uC-CPU\cpu_core.o
 .text.CPU_IntDisMeasMaxCalc
                0x08008c80       0x44 uC-CPU\cpu_core.o
 .text.CPU_IntSrcEn
                0x08008cc4      0x1c4 uC-CPU\ARM-Cortex-M3\GNU\cpu_c.o
                0x08008cc4                CPU_IntSrcEn
 .text.Reset_Handler
                0x08008e88       0x44 BSP\cstartup.o
                0x08008e88                Reset_Handler
 .text.App_NMI_ISR
                0x08008ecc        0x2 BSP\cstartup.o
 .text.App_Fault_ISR
                0x08008ece        0x2 BSP\cstartup.o
 .text.App_MemFault_ISR
                0x08008ed0        0x2 BSP\cstartup.o
 .text.App_BusFault_ISR
                0x08008ed2        0x2 BSP\cstartup.o
 .text.App_UsageFault_ISR
                0x08008ed4        0x2 BSP\cstartup.o
 .text.App_Spurious_ISR
                0x08008ed6        0x2 BSP\cstartup.o
 .text.App_Reserved_ISR
                0x08008ed8        0x2 BSP\cstartup.o
 *fill*         0x08008eda        0x2 00
 .text.BSP_Ser_Init
                0x08008edc      0x1d0 BSP\bsp_ser.o
                0x08008edc                BSP_Ser_Init
 .text.BSP_Ser_ISR_Handler
                0x080090ac       0xa8 BSP\bsp_ser.o
 .text.BSP_Ser_Printf
                0x08009154       0x38 BSP\bsp_ser.o
                0x08009154                BSP_Ser_Printf
 .text.BSP_Ser_WrByteUnlocked
                0x0800918c       0x5c BSP\bsp_ser.o
 .text.BSP_Ser_WrStr
                0x080091e8       0x84 BSP\bsp_ser.o
                0x080091e8                BSP_Ser_WrStr
 .text.BSP_PeriphEn
                0x0800926c      0x208 BSP\bsp_periph.o
                0x0800926c                BSP_PeriphEn
 .text.BSP_IntDisAll
                0x08009474        0xc BSP\bsp_int.o
                0x08009474                BSP_IntDisAll
 .text.BSP_IntEn
                0x08009480       0x28 BSP\bsp_int.o
                0x08009480                BSP_IntEn
 .text.BSP_IntVectSet
                0x080094a8       0x44 BSP\bsp_int.o
                0x080094a8                BSP_IntVectSet
 .text.BSP_IntInit
                0x080094ec       0x34 BSP\bsp_int.o
                0x080094ec                BSP_IntInit
 .text.BSP_IntHandlerWWDG
                0x08009520       0x10 BSP\bsp_int.o
                0x08009520                BSP_IntHandlerWWDG
 .text.BSP_IntHandlerPVD
                0x08009530       0x10 BSP\bsp_int.o
                0x08009530                BSP_IntHandlerPVD
 .text.BSP_IntHandlerTAMPER
                0x08009540       0x10 BSP\bsp_int.o
                0x08009540                BSP_IntHandlerTAMPER
 .text.BSP_IntHandlerRTC
                0x08009550       0x10 BSP\bsp_int.o
                0x08009550                BSP_IntHandlerRTC
 .text.BSP_IntHandlerFLASH
                0x08009560       0x10 BSP\bsp_int.o
                0x08009560                BSP_IntHandlerFLASH
 .text.BSP_IntHandlerRCC
                0x08009570       0x10 BSP\bsp_int.o
                0x08009570                BSP_IntHandlerRCC
 .text.BSP_IntHandlerEXTI0
                0x08009580       0x10 BSP\bsp_int.o
                0x08009580                BSP_IntHandlerEXTI0
 .text.BSP_IntHandlerEXTI1
                0x08009590       0x10 BSP\bsp_int.o
                0x08009590                BSP_IntHandlerEXTI1
 .text.BSP_IntHandlerEXTI2
                0x080095a0       0x10 BSP\bsp_int.o
                0x080095a0                BSP_IntHandlerEXTI2
 .text.BSP_IntHandlerEXTI3
                0x080095b0       0x10 BSP\bsp_int.o
                0x080095b0                BSP_IntHandlerEXTI3
 .text.BSP_IntHandlerEXTI4
                0x080095c0       0x10 BSP\bsp_int.o
                0x080095c0                BSP_IntHandlerEXTI4
 .text.BSP_IntHandlerDMA1_CH1
                0x080095d0       0x10 BSP\bsp_int.o
                0x080095d0                BSP_IntHandlerDMA1_CH1
 .text.BSP_IntHandlerDMA1_CH2
                0x080095e0       0x10 BSP\bsp_int.o
                0x080095e0                BSP_IntHandlerDMA1_CH2
 .text.BSP_IntHandlerDMA1_CH3
                0x080095f0       0x10 BSP\bsp_int.o
                0x080095f0                BSP_IntHandlerDMA1_CH3
 .text.BSP_IntHandlerDMA1_CH4
                0x08009600       0x10 BSP\bsp_int.o
                0x08009600                BSP_IntHandlerDMA1_CH4
 .text.BSP_IntHandlerDMA1_CH5
                0x08009610       0x10 BSP\bsp_int.o
                0x08009610                BSP_IntHandlerDMA1_CH5
 .text.BSP_IntHandlerDMA1_CH6
                0x08009620       0x10 BSP\bsp_int.o
                0x08009620                BSP_IntHandlerDMA1_CH6
 .text.BSP_IntHandlerDMA1_CH7
                0x08009630       0x10 BSP\bsp_int.o
                0x08009630                BSP_IntHandlerDMA1_CH7
 .text.BSP_IntHandlerADC1_2
                0x08009640       0x10 BSP\bsp_int.o
                0x08009640                BSP_IntHandlerADC1_2
 .text.BSP_IntHandlerCAN1_TX
                0x08009650       0x10 BSP\bsp_int.o
                0x08009650                BSP_IntHandlerCAN1_TX
 .text.BSP_IntHandlerCAN1_RX0
                0x08009660       0x10 BSP\bsp_int.o
                0x08009660                BSP_IntHandlerCAN1_RX0
 .text.BSP_IntHandlerCAN1_RX1
                0x08009670       0x10 BSP\bsp_int.o
                0x08009670                BSP_IntHandlerCAN1_RX1
 .text.BSP_IntHandlerCAN1_SCE
                0x08009680       0x10 BSP\bsp_int.o
                0x08009680                BSP_IntHandlerCAN1_SCE
 .text.BSP_IntHandlerEXTI9_5
                0x08009690       0x10 BSP\bsp_int.o
                0x08009690                BSP_IntHandlerEXTI9_5
 .text.BSP_IntHandlerTIM1_BRK
                0x080096a0       0x10 BSP\bsp_int.o
                0x080096a0                BSP_IntHandlerTIM1_BRK
 .text.BSP_IntHandlerTIM1_UP
                0x080096b0       0x10 BSP\bsp_int.o
                0x080096b0                BSP_IntHandlerTIM1_UP
 .text.BSP_IntHandlerTIM1_TRG_COM
                0x080096c0       0x10 BSP\bsp_int.o
                0x080096c0                BSP_IntHandlerTIM1_TRG_COM
 .text.BSP_IntHandlerTIM1_CC
                0x080096d0       0x10 BSP\bsp_int.o
                0x080096d0                BSP_IntHandlerTIM1_CC
 .text.BSP_IntHandlerTIM2
                0x080096e0       0x10 BSP\bsp_int.o
                0x080096e0                BSP_IntHandlerTIM2
 .text.BSP_IntHandlerTIM3
                0x080096f0       0x10 BSP\bsp_int.o
                0x080096f0                BSP_IntHandlerTIM3
 .text.BSP_IntHandlerTIM4
                0x08009700       0x10 BSP\bsp_int.o
                0x08009700                BSP_IntHandlerTIM4
 .text.BSP_IntHandlerI2C1_EV
                0x08009710       0x10 BSP\bsp_int.o
                0x08009710                BSP_IntHandlerI2C1_EV
 .text.BSP_IntHandlerI2C1_ER
                0x08009720       0x10 BSP\bsp_int.o
                0x08009720                BSP_IntHandlerI2C1_ER
 .text.BSP_IntHandlerI2C2_EV
                0x08009730       0x10 BSP\bsp_int.o
                0x08009730                BSP_IntHandlerI2C2_EV
 .text.BSP_IntHandlerI2C2_ER
                0x08009740       0x10 BSP\bsp_int.o
                0x08009740                BSP_IntHandlerI2C2_ER
 .text.BSP_IntHandlerSPI1
                0x08009750       0x10 BSP\bsp_int.o
                0x08009750                BSP_IntHandlerSPI1
 .text.BSP_IntHandlerSPI2
                0x08009760       0x10 BSP\bsp_int.o
                0x08009760                BSP_IntHandlerSPI2
 .text.BSP_IntHandlerUSART1
                0x08009770       0x10 BSP\bsp_int.o
                0x08009770                BSP_IntHandlerUSART1
 .text.BSP_IntHandlerUSART2
                0x08009780       0x10 BSP\bsp_int.o
                0x08009780                BSP_IntHandlerUSART2
 .text.BSP_IntHandlerUSART3
                0x08009790       0x10 BSP\bsp_int.o
                0x08009790                BSP_IntHandlerUSART3
 .text.BSP_IntHandlerEXTI15_10
                0x080097a0       0x10 BSP\bsp_int.o
                0x080097a0                BSP_IntHandlerEXTI15_10
 .text.BSP_IntHandlerRTCAlarm
                0x080097b0       0x10 BSP\bsp_int.o
                0x080097b0                BSP_IntHandlerRTCAlarm
 .text.BSP_IntHandlerUSBWakeUp
                0x080097c0       0x10 BSP\bsp_int.o
                0x080097c0                BSP_IntHandlerUSBWakeUp
 .text.BSP_IntHandlerTIM5
                0x080097d0       0x10 BSP\bsp_int.o
                0x080097d0                BSP_IntHandlerTIM5
 .text.BSP_IntHandlerSPI3
                0x080097e0       0x10 BSP\bsp_int.o
                0x080097e0                BSP_IntHandlerSPI3
 .text.BSP_IntHandlerUSART4
                0x080097f0       0x10 BSP\bsp_int.o
                0x080097f0                BSP_IntHandlerUSART4
 .text.BSP_IntHandlerUSART5
                0x08009800       0x10 BSP\bsp_int.o
                0x08009800                BSP_IntHandlerUSART5
 .text.BSP_IntHandlerTIM6
                0x08009810       0x10 BSP\bsp_int.o
                0x08009810                BSP_IntHandlerTIM6
 .text.BSP_IntHandlerTIM7
                0x08009820       0x10 BSP\bsp_int.o
                0x08009820                BSP_IntHandlerTIM7
 .text.BSP_IntHandlerDMA2_CH1
                0x08009830       0x10 BSP\bsp_int.o
                0x08009830                BSP_IntHandlerDMA2_CH1
 .text.BSP_IntHandlerDMA2_CH2
                0x08009840       0x10 BSP\bsp_int.o
                0x08009840                BSP_IntHandlerDMA2_CH2
 .text.BSP_IntHandlerDMA2_CH3
                0x08009850       0x10 BSP\bsp_int.o
                0x08009850                BSP_IntHandlerDMA2_CH3
 .text.BSP_IntHandlerDMA2_CH4
                0x08009860       0x10 BSP\bsp_int.o
                0x08009860                BSP_IntHandlerDMA2_CH4
 .text.BSP_IntHandlerDMA2_CH5
                0x08009870       0x10 BSP\bsp_int.o
                0x08009870                BSP_IntHandlerDMA2_CH5
 .text.BSP_IntHandlerETH
                0x08009880       0x10 BSP\bsp_int.o
                0x08009880                BSP_IntHandlerETH
 .text.BSP_IntHandlerETHWakeup
                0x08009890       0x10 BSP\bsp_int.o
                0x08009890                BSP_IntHandlerETHWakeup
 .text.BSP_IntHandlerCAN2_TX
                0x080098a0       0x10 BSP\bsp_int.o
                0x080098a0                BSP_IntHandlerCAN2_TX
 .text.BSP_IntHandlerCAN2_RX0
                0x080098b0       0x10 BSP\bsp_int.o
                0x080098b0                BSP_IntHandlerCAN2_RX0
 .text.BSP_IntHandlerCAN2_RX1
                0x080098c0       0x10 BSP\bsp_int.o
                0x080098c0                BSP_IntHandlerCAN2_RX1
 .text.BSP_IntHandlerCAN2_SCE
                0x080098d0       0x10 BSP\bsp_int.o
                0x080098d0                BSP_IntHandlerCAN2_SCE
 .text.BSP_IntHandlerOTG
                0x080098e0       0x10 BSP\bsp_int.o
                0x080098e0                BSP_IntHandlerOTG
 .text.BSP_IntHandler
                0x080098f0       0x54 BSP\bsp_int.o
 .text.BSP_IntHandlerDummy
                0x08009944        0xc BSP\bsp_int.o
 .text.BSP_Init
                0x08009950      0x11c BSP\bsp.o
                0x08009950                BSP_Init
 .text.BSP_CPU_ClkFreq
                0x08009a6c       0x1c BSP\bsp.o
                0x08009a6c                BSP_CPU_ClkFreq
 .text.BSP_LED_Init
                0x08009a88       0x40 BSP\bsp.o
 .text.BSP_LED_Off
                0x08009ac8       0x7c BSP\bsp.o
                0x08009ac8                BSP_LED_Off
 .text.BSP_LED_Toggle
                0x08009b44       0xe4 BSP\bsp.o
                0x08009b44                BSP_LED_Toggle
 .text.BSP_StatusInit
                0x08009c28       0x34 BSP\bsp.o
 .text.CPU_TS_TmrInit
                0x08009c5c       0x5c BSP\bsp.o
                0x08009c5c                CPU_TS_TmrInit
 .text.CPU_TS_TmrRd
                0x08009cb8       0x18 BSP\bsp.o
                0x08009cb8                CPU_TS_TmrRd
 .text.USART_Init
                0x08009cd0      0x14c BSP\ST\STM32\src\stm32f10x_usart.o
                0x08009cd0                USART_Init
 .text.USART_ClockInit
                0x08009e1c       0x58 BSP\ST\STM32\src\stm32f10x_usart.o
                0x08009e1c                USART_ClockInit
 .text.USART_Cmd
                0x08009e74       0x40 BSP\ST\STM32\src\stm32f10x_usart.o
                0x08009e74                USART_Cmd
 .text.USART_ITConfig
                0x08009eb4       0xa8 BSP\ST\STM32\src\stm32f10x_usart.o
                0x08009eb4                USART_ITConfig
 .text.USART_SendData
                0x08009f5c       0x28 BSP\ST\STM32\src\stm32f10x_usart.o
                0x08009f5c                USART_SendData
 .text.USART_ReceiveData
                0x08009f84       0x24 BSP\ST\STM32\src\stm32f10x_usart.o
                0x08009f84                USART_ReceiveData
 .text.USART_GetFlagStatus
                0x08009fa8       0x40 BSP\ST\STM32\src\stm32f10x_usart.o
                0x08009fa8                USART_GetFlagStatus
 .text.USART_ClearFlag
                0x08009fe8       0x24 BSP\ST\STM32\src\stm32f10x_usart.o
                0x08009fe8                USART_ClearFlag
 .text.USART_ClearITPendingBit
                0x0800a00c       0x44 BSP\ST\STM32\src\stm32f10x_usart.o
                0x0800a00c                USART_ClearITPendingBit
 .text.RCC_DeInit
                0x0800a050       0x9c BSP\ST\STM32\src\stm32f10x_rcc.o
                0x0800a050                RCC_DeInit
 .text.RCC_HSEConfig
                0x0800a0ec       0x88 BSP\ST\STM32\src\stm32f10x_rcc.o
                0x0800a0ec                RCC_HSEConfig
 .text.RCC_WaitForHSEStartUp
                0x0800a174       0x64 BSP\ST\STM32\src\stm32f10x_rcc.o
                0x0800a174                RCC_WaitForHSEStartUp
 .text.RCC_PREDIV1Config
                0x0800a1d8       0x4c BSP\ST\STM32\src\stm32f10x_rcc.o
                0x0800a1d8                RCC_PREDIV1Config
 .text.RCC_PREDIV2Config
                0x0800a224       0x40 BSP\ST\STM32\src\stm32f10x_rcc.o
                0x0800a224                RCC_PREDIV2Config
 .text.RCC_PLL1Config
                0x0800a264       0x48 BSP\ST\STM32\src\stm32f10x_rcc.o
                0x0800a264                RCC_PLL1Config
 .text.RCC_PLL1Cmd
                0x0800a2ac       0x20 BSP\ST\STM32\src\stm32f10x_rcc.o
                0x0800a2ac                RCC_PLL1Cmd
 .text.RCC_PLL2Config
                0x0800a2cc       0x40 BSP\ST\STM32\src\stm32f10x_rcc.o
                0x0800a2cc                RCC_PLL2Config
 .text.RCC_PLL2Cmd
                0x0800a30c       0x20 BSP\ST\STM32\src\stm32f10x_rcc.o
                0x0800a30c                RCC_PLL2Cmd
 .text.RCC_PLL3Config
                0x0800a32c       0x40 BSP\ST\STM32\src\stm32f10x_rcc.o
                0x0800a32c                RCC_PLL3Config
 .text.RCC_PLL3Cmd
                0x0800a36c       0x20 BSP\ST\STM32\src\stm32f10x_rcc.o
                0x0800a36c                RCC_PLL3Cmd
 .text.RCC_SYSCLKConfig
                0x0800a38c       0x40 BSP\ST\STM32\src\stm32f10x_rcc.o
                0x0800a38c                RCC_SYSCLKConfig
 .text.RCC_GetSYSCLKSource
                0x0800a3cc       0x20 BSP\ST\STM32\src\stm32f10x_rcc.o
                0x0800a3cc                RCC_GetSYSCLKSource
 .text.RCC_HCLKConfig
                0x0800a3ec       0x40 BSP\ST\STM32\src\stm32f10x_rcc.o
                0x0800a3ec                RCC_HCLKConfig
 .text.RCC_PCLK1Config
                0x0800a42c       0x40 BSP\ST\STM32\src\stm32f10x_rcc.o
                0x0800a42c                RCC_PCLK1Config
 .text.RCC_PCLK2Config
                0x0800a46c       0x44 BSP\ST\STM32\src\stm32f10x_rcc.o
                0x0800a46c                RCC_PCLK2Config
 .text.RCC_ADCCLKConfig
                0x0800a4b0       0x40 BSP\ST\STM32\src\stm32f10x_rcc.o
                0x0800a4b0                RCC_ADCCLKConfig
 .text.RCC_OTGFSCLKConfig
                0x0800a4f0       0x20 BSP\ST\STM32\src\stm32f10x_rcc.o
                0x0800a4f0                RCC_OTGFSCLKConfig
 .text.RCC_GetClocksFreq
                0x0800a510      0x244 BSP\ST\STM32\src\stm32f10x_rcc.o
                0x0800a510                RCC_GetClocksFreq
 .text.RCC_APB2PeriphClockCmd
                0x0800a754       0x58 BSP\ST\STM32\src\stm32f10x_rcc.o
                0x0800a754                RCC_APB2PeriphClockCmd
 .text.RCC_GetFlagStatus
                0x0800a7ac       0x90 BSP\ST\STM32\src\stm32f10x_rcc.o
                0x0800a7ac                RCC_GetFlagStatus
 .text.GPIO_Init
                0x0800a83c      0x1b0 BSP\ST\STM32\src\stm32f10x_gpio.o
                0x0800a83c                GPIO_Init
 .text.GPIO_ReadOutputData
                0x0800a9ec       0x1c BSP\ST\STM32\src\stm32f10x_gpio.o
                0x0800a9ec                GPIO_ReadOutputData
 .text.GPIO_SetBits
                0x0800aa08       0x1c BSP\ST\STM32\src\stm32f10x_gpio.o
                0x0800aa08                GPIO_SetBits
 .text.GPIO_ResetBits
                0x0800aa24       0x1c BSP\ST\STM32\src\stm32f10x_gpio.o
                0x0800aa24                GPIO_ResetBits
 .text.GPIO_PinRemapConfig
                0x0800aa40       0xf8 BSP\ST\STM32\src\stm32f10x_gpio.o
                0x0800aa40                GPIO_PinRemapConfig
 .text.FLASH_SetLatency
                0x0800ab38       0x44 BSP\ST\STM32\src\stm32f10x_flash.o
                0x0800ab38                FLASH_SetLatency
 .text.FLASH_PrefetchBufferCmd
                0x0800ab7c       0x44 BSP\ST\STM32\src\stm32f10x_flash.o
                0x0800ab7c                FLASH_PrefetchBufferCmd
 .text.BSP_OS_SemCreate
                0x0800abc0       0x34 BSP\OS\bsp_os.o
                0x0800abc0                BSP_OS_SemCreate
 .text.BSP_OS_SemWait
                0x0800abf4       0x54 BSP\OS\bsp_os.o
                0x0800abf4                BSP_OS_SemWait
 .text.BSP_OS_SemPost
                0x0800ac48       0x34 BSP\OS\bsp_os.o
                0x0800ac48                BSP_OS_SemPost
 .text.BSP_OS_TimeDlyMs
                0x0800ac7c       0x84 BSP\OS\bsp_os.o
                0x0800ac7c                BSP_OS_TimeDlyMs
 .text.main     0x0800ad00       0x84 APP\app.o
                0x0800ad00                main
 .text.AppTaskStart
                0x0800ad84       0x9c APP\app.o
 .text.AppTaskCreate
                0x0800ae20        0xc APP\app.o
 .text.AppObjCreate
                0x0800ae2c        0xc APP\app.o
 .text.__libc_init_array
                0x0800ae38       0x48 c:/program files (x86)/atollic/truestudio for arm pro 3.3.0/armtools/bin/../lib/gcc/arm-atollic-eabi/4.6.2/../../../../arm-atollic-eabi/lib/thumb/armv7-m\libc.a(lib_a-init.o)
                0x0800ae38                __libc_init_array
 .text._vsnprintf_r
                0x0800ae80       0x56 c:/program files (x86)/atollic/truestudio for arm pro 3.3.0/armtools/bin/../lib/gcc/arm-atollic-eabi/4.6.2/../../../../arm-atollic-eabi/lib/thumb/armv7-m\libc.a(lib_a-vsnprintf.o)
                0x0800ae80                _vsnprintf_r
 *fill*         0x0800aed6        0x2 00
 .text.vsnprintf
                0x0800aed8       0x20 c:/program files (x86)/atollic/truestudio for arm pro 3.3.0/armtools/bin/../lib/gcc/arm-atollic-eabi/4.6.2/../../../../arm-atollic-eabi/lib/thumb/armv7-m\libc.a(lib_a-vsnprintf.o)
                0x0800aed8                vsnprintf
 .text._svfprintf_r
                0x0800aef8     0x102c c:/program files (x86)/atollic/truestudio for arm pro 3.3.0/armtools/bin/../lib/gcc/arm-atollic-eabi/4.6.2/../../../../arm-atollic-eabi/lib/thumb/armv7-m\libc.a(lib_a-svfprintf.o)
                0x0800aef8                _svfprintf_r
 .text.quorem   0x0800bf24      0x110 c:/program files (x86)/atollic/truestudio for arm pro 3.3.0/armtools/bin/../lib/gcc/arm-atollic-eabi/4.6.2/../../../../arm-atollic-eabi/lib/thumb/armv7-m\libc.a(lib_a-dtoa.o)
 *fill*         0x0800c034        0x4 00
 .text._dtoa_r  0x0800c038      0xb58 c:/program files (x86)/atollic/truestudio for arm pro 3.3.0/armtools/bin/../lib/gcc/arm-atollic-eabi/4.6.2/../../../../arm-atollic-eabi/lib/thumb/armv7-m\libc.a(lib_a-dtoa.o)
                0x0800c038                _dtoa_r
 .text._localeconv_r
                0x0800cb90        0x8 c:/program files (x86)/atollic/truestudio for arm pro 3.3.0/armtools/bin/../lib/gcc/arm-atollic-eabi/4.6.2/../../../../arm-atollic-eabi/lib/thumb/armv7-m\libc.a(lib_a-locale.o)
                0x0800cb90                _localeconv_r
 .text.malloc   0x0800cb98       0x10 c:/program files (x86)/atollic/truestudio for arm pro 3.3.0/armtools/bin/../lib/gcc/arm-atollic-eabi/4.6.2/../../../../arm-atollic-eabi/lib/thumb/armv7-m\libc.a(lib_a-malloc.o)
                0x0800cb98                malloc
 .text._malloc_r
                0x0800cba8      0x3fc c:/program files (x86)/atollic/truestudio for arm pro 3.3.0/armtools/bin/../lib/gcc/arm-atollic-eabi/4.6.2/../../../../arm-atollic-eabi/lib/thumb/armv7-m\libc.a(lib_a-mallocr.o)
                0x0800cba8                _malloc_r
 .text.memchr   0x0800cfa4       0x1c c:/program files (x86)/atollic/truestudio for arm pro 3.3.0/armtools/bin/../lib/gcc/arm-atollic-eabi/4.6.2/../../../../arm-atollic-eabi/lib/thumb/armv7-m\libc.a(lib_a-memchr.o)
                0x0800cfa4                memchr
 .text.memcpy   0x0800cfc0       0x12 c:/program files (x86)/atollic/truestudio for arm pro 3.3.0/armtools/bin/../lib/gcc/arm-atollic-eabi/4.6.2/../../../../arm-atollic-eabi/lib/thumb/armv7-m\libc.a(lib_a-memcpy.o)
                0x0800cfc0                memcpy
 .text.__malloc_lock
                0x0800cfd2        0x2 c:/program files (x86)/atollic/truestudio for arm pro 3.3.0/armtools/bin/../lib/gcc/arm-atollic-eabi/4.6.2/../../../../arm-atollic-eabi/lib/thumb/armv7-m\libc.a(lib_a-mlock.o)
                0x0800cfd2                __malloc_lock
 .text.__malloc_unlock
                0x0800cfd4        0x2 c:/program files (x86)/atollic/truestudio for arm pro 3.3.0/armtools/bin/../lib/gcc/arm-atollic-eabi/4.6.2/../../../../arm-atollic-eabi/lib/thumb/armv7-m\libc.a(lib_a-mlock.o)
                0x0800cfd4                __malloc_unlock
 .text._Balloc  0x0800cfd6       0x62 c:/program files (x86)/atollic/truestudio for arm pro 3.3.0/armtools/bin/../lib/gcc/arm-atollic-eabi/4.6.2/../../../../arm-atollic-eabi/lib/thumb/armv7-m\libc.a(lib_a-mprec.o)
                0x0800cfd6                _Balloc
 .text._Bfree   0x0800d038       0x2e c:/program files (x86)/atollic/truestudio for arm pro 3.3.0/armtools/bin/../lib/gcc/arm-atollic-eabi/4.6.2/../../../../arm-atollic-eabi/lib/thumb/armv7-m\libc.a(lib_a-mprec.o)
                0x0800d038                _Bfree
 .text.__multadd
                0x0800d066       0x78 c:/program files (x86)/atollic/truestudio for arm pro 3.3.0/armtools/bin/../lib/gcc/arm-atollic-eabi/4.6.2/../../../../arm-atollic-eabi/lib/thumb/armv7-m\libc.a(lib_a-mprec.o)
                0x0800d066                __multadd
 .text.__hi0bits
                0x0800d0de       0x3e c:/program files (x86)/atollic/truestudio for arm pro 3.3.0/armtools/bin/../lib/gcc/arm-atollic-eabi/4.6.2/../../../../arm-atollic-eabi/lib/thumb/armv7-m\libc.a(lib_a-mprec.o)
                0x0800d0de                __hi0bits
 .text.__lo0bits
                0x0800d11c       0x5a c:/program files (x86)/atollic/truestudio for arm pro 3.3.0/armtools/bin/../lib/gcc/arm-atollic-eabi/4.6.2/../../../../arm-atollic-eabi/lib/thumb/armv7-m\libc.a(lib_a-mprec.o)
                0x0800d11c                __lo0bits
 .text.__i2b    0x0800d176       0x12 c:/program files (x86)/atollic/truestudio for arm pro 3.3.0/armtools/bin/../lib/gcc/arm-atollic-eabi/4.6.2/../../../../arm-atollic-eabi/lib/thumb/armv7-m\libc.a(lib_a-mprec.o)
                0x0800d176                __i2b
 .text.__multiply
                0x0800d188      0x128 c:/program files (x86)/atollic/truestudio for arm pro 3.3.0/armtools/bin/../lib/gcc/arm-atollic-eabi/4.6.2/../../../../arm-atollic-eabi/lib/thumb/armv7-m\libc.a(lib_a-mprec.o)
                0x0800d188                __multiply
 .text.__pow5mult
                0x0800d2b0       0xa0 c:/program files (x86)/atollic/truestudio for arm pro 3.3.0/armtools/bin/../lib/gcc/arm-atollic-eabi/4.6.2/../../../../arm-atollic-eabi/lib/thumb/armv7-m\libc.a(lib_a-mprec.o)
                0x0800d2b0                __pow5mult
 .text.__lshift
                0x0800d350       0xae c:/program files (x86)/atollic/truestudio for arm pro 3.3.0/armtools/bin/../lib/gcc/arm-atollic-eabi/4.6.2/../../../../arm-atollic-eabi/lib/thumb/armv7-m\libc.a(lib_a-mprec.o)
                0x0800d350                __lshift
 .text.__mcmp   0x0800d3fe       0x3e c:/program files (x86)/atollic/truestudio for arm pro 3.3.0/armtools/bin/../lib/gcc/arm-atollic-eabi/4.6.2/../../../../arm-atollic-eabi/lib/thumb/armv7-m\libc.a(lib_a-mprec.o)
                0x0800d3fe                __mcmp
 .text.__mdiff  0x0800d43c       0xc8 c:/program files (x86)/atollic/truestudio for arm pro 3.3.0/armtools/bin/../lib/gcc/arm-atollic-eabi/4.6.2/../../../../arm-atollic-eabi/lib/thumb/armv7-m\libc.a(lib_a-mprec.o)
                0x0800d43c                __mdiff
 .text.__d2b    0x0800d504       0xbc c:/program files (x86)/atollic/truestudio for arm pro 3.3.0/armtools/bin/../lib/gcc/arm-atollic-eabi/4.6.2/../../../../arm-atollic-eabi/lib/thumb/armv7-m\libc.a(lib_a-mprec.o)
                0x0800d504                __d2b
 .text.__fpclassifyd
                0x0800d5c0       0x64 c:/program files (x86)/atollic/truestudio for arm pro 3.3.0/armtools/bin/../lib/gcc/arm-atollic-eabi/4.6.2/../../../../arm-atollic-eabi/lib/thumb/armv7-m\libc.a(lib_a-s_fpclassify.o)
                0x0800d5c0                __fpclassifyd
 .text._sbrk_r  0x0800d624       0x20 c:/program files (x86)/atollic/truestudio for arm pro 3.3.0/armtools/bin/../lib/gcc/arm-atollic-eabi/4.6.2/../../../../arm-atollic-eabi/lib/thumb/armv7-m\libc.a(lib_a-sbrkr.o)
                0x0800d624                _sbrk_r
 .text.strlen   0x0800d644       0x10 c:/program files (x86)/atollic/truestudio for arm pro 3.3.0/armtools/bin/../lib/gcc/arm-atollic-eabi/4.6.2/../../../../arm-atollic-eabi/lib/thumb/armv7-m\libc.a(lib_a-strlen.o)
                0x0800d644                strlen
 .text.__ssprint_r
                0x0800d654       0xf2 c:/program files (x86)/atollic/truestudio for arm pro 3.3.0/armtools/bin/../lib/gcc/arm-atollic-eabi/4.6.2/../../../../arm-atollic-eabi/lib/thumb/armv7-m\libc.a(lib_a-svfiprintf.o)
                0x0800d654                __ssprint_r
 .text._getpid  0x0800d746        0x4 c:/program files (x86)/atollic/truestudio for arm pro 3.3.0/armtools/bin/../lib/gcc/arm-atollic-eabi/4.6.2/../../../../arm-atollic-eabi/lib/thumb/armv7-m\libc.a(lib_a-syscalls.o)
                0x0800d746                _getpid
 *fill*         0x0800d74a        0x2 00
 .text._kill    0x0800d74c       0x10 c:/program files (x86)/atollic/truestudio for arm pro 3.3.0/armtools/bin/../lib/gcc/arm-atollic-eabi/4.6.2/../../../../arm-atollic-eabi/lib/thumb/armv7-m\libc.a(lib_a-syscalls.o)
                0x0800d74c                _kill
 .text._exit    0x0800d75c        0xc c:/program files (x86)/atollic/truestudio for arm pro 3.3.0/armtools/bin/../lib/gcc/arm-atollic-eabi/4.6.2/../../../../arm-atollic-eabi/lib/thumb/armv7-m\libc.a(lib_a-syscalls.o)
                0x0800d75c                _exit
 .text._sbrk    0x0800d768       0x34 c:/program files (x86)/atollic/truestudio for arm pro 3.3.0/armtools/bin/../lib/gcc/arm-atollic-eabi/4.6.2/../../../../arm-atollic-eabi/lib/thumb/armv7-m\libc.a(lib_a-syscalls.o)
                0x0800d768                _sbrk
 .text._calloc_r
                0x0800d79c       0x5a c:/program files (x86)/atollic/truestudio for arm pro 3.3.0/armtools/bin/../lib/gcc/arm-atollic-eabi/4.6.2/../../../../arm-atollic-eabi/lib/thumb/armv7-m\libc.a(lib_a-callocr.o)
                0x0800d79c                _calloc_r
 *fill*         0x0800d7f6        0x2 00
 .text._malloc_trim_r
                0x0800d7f8       0xa8 c:/program files (x86)/atollic/truestudio for arm pro 3.3.0/armtools/bin/../lib/gcc/arm-atollic-eabi/4.6.2/../../../../arm-atollic-eabi/lib/thumb/armv7-m\libc.a(lib_a-freer.o)
                0x0800d7f8                _malloc_trim_r
 .text._free_r  0x0800d8a0      0x16c c:/program files (x86)/atollic/truestudio for arm pro 3.3.0/armtools/bin/../lib/gcc/arm-atollic-eabi/4.6.2/../../../../arm-atollic-eabi/lib/thumb/armv7-m\libc.a(lib_a-freer.o)
                0x0800d8a0                _free_r
 .text.memmove  0x0800da0c       0x3a c:/program files (x86)/atollic/truestudio for arm pro 3.3.0/armtools/bin/../lib/gcc/arm-atollic-eabi/4.6.2/../../../../arm-atollic-eabi/lib/thumb/armv7-m\libc.a(lib_a-memmove.o)
                0x0800da0c                memmove
 .text.memset   0x0800da46        0xe c:/program files (x86)/atollic/truestudio for arm pro 3.3.0/armtools/bin/../lib/gcc/arm-atollic-eabi/4.6.2/../../../../arm-atollic-eabi/lib/thumb/armv7-m\libc.a(lib_a-memset.o)
                0x0800da46                memset
 .text._realloc_r
                0x0800da54      0x2dc c:/program files (x86)/atollic/truestudio for arm pro 3.3.0/armtools/bin/../lib/gcc/arm-atollic-eabi/4.6.2/../../../../arm-atollic-eabi/lib/thumb/armv7-m\libc.a(lib_a-reallocr.o)
                0x0800da54                _realloc_r
 .text.abort    0x0800dd30        0xe c:/program files (x86)/atollic/truestudio for arm pro 3.3.0/armtools/bin/../lib/gcc/arm-atollic-eabi/4.6.2/../../../../arm-atollic-eabi/lib/thumb/armv7-m\libc.a(lib_a-abort.o)
                0x0800dd30                abort
 .text._raise_r
                0x0800dd3e       0x54 c:/program files (x86)/atollic/truestudio for arm pro 3.3.0/armtools/bin/../lib/gcc/arm-atollic-eabi/4.6.2/../../../../arm-atollic-eabi/lib/thumb/armv7-m\libc.a(lib_a-signal.o)
                0x0800dd3e                _raise_r
 *fill*         0x0800dd92        0x2 00
 .text.raise    0x0800dd94       0x10 c:/program files (x86)/atollic/truestudio for arm pro 3.3.0/armtools/bin/../lib/gcc/arm-atollic-eabi/4.6.2/../../../../arm-atollic-eabi/lib/thumb/armv7-m\libc.a(lib_a-signal.o)
                0x0800dd94                raise
 .text._kill_r  0x0800dda4       0x24 c:/program files (x86)/atollic/truestudio for arm pro 3.3.0/armtools/bin/../lib/gcc/arm-atollic-eabi/4.6.2/../../../../arm-atollic-eabi/lib/thumb/armv7-m\libc.a(lib_a-signalr.o)
                0x0800dda4                _kill_r
 .text._getpid_r
                0x0800ddc8        0x4 c:/program files (x86)/atollic/truestudio for arm pro 3.3.0/armtools/bin/../lib/gcc/arm-atollic-eabi/4.6.2/../../../../arm-atollic-eabi/lib/thumb/armv7-m\libc.a(lib_a-signalr.o)
                0x0800ddc8                _getpid_r
 *(.rodata)
 .rodata        0x0800ddcc       0x20 uCOS-III\Source\os_tmr.o
 .rodata        0x0800ddec       0x14 uCOS-III\Source\os_tick.o
 .rodata        0x0800de00        0xc uCOS-III\Source\os_task.o
 .rodata        0x0800de0c       0x14 uCOS-III\Source\os_stat.o
 .rodata        0x0800de20        0xc uCOS-III\Source\os_sem.o
 .rodata        0x0800de2c       0x1c uCOS-III\Source\os_int.o
 .rodata        0x0800de48       0x2c uCOS-III\Source\os_core.o
 .rodata        0x0800de74       0x2c BSP\bsp_ser.o
 .rodata        0x0800dea0       0x54 APP\app.o
 *(.rodata*)
 .rodata.OSDbg_DbgEn
                0x0800def4        0x1 uCOS-III\Source\os_dbg.o
                0x0800def4                OSDbg_DbgEn
 .rodata.OSDbg_ArgChkEn
                0x0800def5        0x1 uCOS-III\Source\os_dbg.o
                0x0800def5                OSDbg_ArgChkEn
 .rodata.OSDbg_AppHooksEn
                0x0800def6        0x1 uCOS-III\Source\os_dbg.o
                0x0800def6                OSDbg_AppHooksEn
 *fill*         0x0800def7        0x1 00
 .rodata.OSDbg_EndiannessTest
                0x0800def8        0x4 uCOS-III\Source\os_dbg.o
                0x0800def8                OSDbg_EndiannessTest
 .rodata.OSDbg_CalledFromISRChkEn
                0x0800defc        0x1 uCOS-III\Source\os_dbg.o
                0x0800defc                OSDbg_CalledFromISRChkEn
 .rodata.OSDbg_FlagEn
                0x0800defd        0x1 uCOS-III\Source\os_dbg.o
                0x0800defd                OSDbg_FlagEn
 *fill*         0x0800defe        0x2 00
 .rodata.OSDbg_FlagGrp
                0x0800df00       0x28 uCOS-III\Source\os_dbg.o
                0x0800df00                OSDbg_FlagGrp
 .rodata.OSDbg_FlagDelEn
                0x0800df28        0x1 uCOS-III\Source\os_dbg.o
                0x0800df28                OSDbg_FlagDelEn
 .rodata.OSDbg_FlagModeClrEn
                0x0800df29        0x1 uCOS-III\Source\os_dbg.o
                0x0800df29                OSDbg_FlagModeClrEn
 .rodata.OSDbg_FlagPendAbortEn
                0x0800df2a        0x1 uCOS-III\Source\os_dbg.o
                0x0800df2a                OSDbg_FlagPendAbortEn
 *fill*         0x0800df2b        0x1 00
 .rodata.OSDbg_FlagGrpSize
                0x0800df2c        0x2 uCOS-III\Source\os_dbg.o
                0x0800df2c                OSDbg_FlagGrpSize
 .rodata.OSDbg_FlagWidth
                0x0800df2e        0x2 uCOS-III\Source\os_dbg.o
                0x0800df2e                OSDbg_FlagWidth
 .rodata.OSDbg_IntQ
                0x0800df30        0x2 uCOS-III\Source\os_dbg.o
                0x0800df30                OSDbg_IntQ
 .rodata.OSDbg_ISRPostDeferredEn
                0x0800df32        0x1 uCOS-III\Source\os_dbg.o
                0x0800df32                OSDbg_ISRPostDeferredEn
 *fill*         0x0800df33        0x1 00
 .rodata.OSDbg_Mem
                0x0800df34       0x20 uCOS-III\Source\os_dbg.o
                0x0800df34                OSDbg_Mem
 .rodata.OSDbg_MemEn
                0x0800df54        0x1 uCOS-III\Source\os_dbg.o
                0x0800df54                OSDbg_MemEn
 *fill*         0x0800df55        0x1 00
 .rodata.OSDbg_MemSize
                0x0800df56        0x2 uCOS-III\Source\os_dbg.o
                0x0800df56                OSDbg_MemSize
 .rodata.OSDbg_MsgEn
                0x0800df58        0x1 uCOS-III\Source\os_dbg.o
                0x0800df58                OSDbg_MsgEn
 *fill*         0x0800df59        0x1 00
 .rodata.OSDbg_MsgSize
                0x0800df5a        0x2 uCOS-III\Source\os_dbg.o
                0x0800df5a                OSDbg_MsgSize
 .rodata.OSDbg_MsgPoolSize
                0x0800df5c        0x2 uCOS-III\Source\os_dbg.o
                0x0800df5c                OSDbg_MsgPoolSize
 .rodata.OSDbg_MsgQSize
                0x0800df5e        0x2 uCOS-III\Source\os_dbg.o
                0x0800df5e                OSDbg_MsgQSize
 .rodata.OSDbg_Mutex
                0x0800df60       0x2c uCOS-III\Source\os_dbg.o
                0x0800df60                OSDbg_Mutex
 .rodata.OSDbg_MutexEn
                0x0800df8c        0x1 uCOS-III\Source\os_dbg.o
                0x0800df8c                OSDbg_MutexEn
 .rodata.OSDbg_MutexDelEn
                0x0800df8d        0x1 uCOS-III\Source\os_dbg.o
                0x0800df8d                OSDbg_MutexDelEn
 .rodata.OSDbg_MutexPendAbortEn
                0x0800df8e        0x1 uCOS-III\Source\os_dbg.o
                0x0800df8e                OSDbg_MutexPendAbortEn
 *fill*         0x0800df8f        0x1 00
 .rodata.OSDbg_MutexSize
                0x0800df90        0x2 uCOS-III\Source\os_dbg.o
                0x0800df90                OSDbg_MutexSize
 .rodata.OSDbg_ObjTypeChkEn
                0x0800df92        0x1 uCOS-III\Source\os_dbg.o
                0x0800df92                OSDbg_ObjTypeChkEn
 .rodata.OSDbg_PendMultiEn
                0x0800df93        0x1 uCOS-III\Source\os_dbg.o
                0x0800df93                OSDbg_PendMultiEn
 .rodata.OSDbg_PendDataSize
                0x0800df94        0x2 uCOS-III\Source\os_dbg.o
                0x0800df94                OSDbg_PendDataSize
 .rodata.OSDbg_PendListSize
                0x0800df96        0x2 uCOS-III\Source\os_dbg.o
                0x0800df96                OSDbg_PendListSize
 .rodata.OSDbg_PendObjSize
                0x0800df98        0x2 uCOS-III\Source\os_dbg.o
                0x0800df98                OSDbg_PendObjSize
 .rodata.OSDbg_PrioMax
                0x0800df9a        0x2 uCOS-III\Source\os_dbg.o
                0x0800df9a                OSDbg_PrioMax
 .rodata.OSDbg_PrioTblSize
                0x0800df9c        0x2 uCOS-III\Source\os_dbg.o
                0x0800df9c                OSDbg_PrioTblSize
 .rodata.OSDbg_PtrSize
                0x0800df9e        0x2 uCOS-III\Source\os_dbg.o
                0x0800df9e                OSDbg_PtrSize
 .rodata.OSDbg_Q
                0x0800dfa0       0x30 uCOS-III\Source\os_dbg.o
                0x0800dfa0                OSDbg_Q
 .rodata.OSDbg_QEn
                0x0800dfd0        0x1 uCOS-III\Source\os_dbg.o
                0x0800dfd0                OSDbg_QEn
 .rodata.OSDbg_QDelEn
                0x0800dfd1        0x1 uCOS-III\Source\os_dbg.o
                0x0800dfd1                OSDbg_QDelEn
 .rodata.OSDbg_QFlushEn
                0x0800dfd2        0x1 uCOS-III\Source\os_dbg.o
                0x0800dfd2                OSDbg_QFlushEn
 .rodata.OSDbg_QPendAbortEn
                0x0800dfd3        0x1 uCOS-III\Source\os_dbg.o
                0x0800dfd3                OSDbg_QPendAbortEn
 .rodata.OSDbg_QSize
                0x0800dfd4        0x2 uCOS-III\Source\os_dbg.o
                0x0800dfd4                OSDbg_QSize
 .rodata.OSDbg_SchedRoundRobinEn
                0x0800dfd6        0x1 uCOS-III\Source\os_dbg.o
                0x0800dfd6                OSDbg_SchedRoundRobinEn
 *fill*         0x0800dfd7        0x1 00
 .rodata.OSDbg_Sem
                0x0800dfd8       0x28 uCOS-III\Source\os_dbg.o
                0x0800dfd8                OSDbg_Sem
 .rodata.OSDbg_SemEn
                0x0800e000        0x1 uCOS-III\Source\os_dbg.o
                0x0800e000                OSDbg_SemEn
 .rodata.OSDbg_SemDelEn
                0x0800e001        0x1 uCOS-III\Source\os_dbg.o
                0x0800e001                OSDbg_SemDelEn
 .rodata.OSDbg_SemPendAbortEn
                0x0800e002        0x1 uCOS-III\Source\os_dbg.o
                0x0800e002                OSDbg_SemPendAbortEn
 .rodata.OSDbg_SemSetEn
                0x0800e003        0x1 uCOS-III\Source\os_dbg.o
                0x0800e003                OSDbg_SemSetEn
 .rodata.OSDbg_SemSize
                0x0800e004        0x2 uCOS-III\Source\os_dbg.o
                0x0800e004                OSDbg_SemSize
 .rodata.OSDbg_RdyList
                0x0800e006        0x2 uCOS-III\Source\os_dbg.o
                0x0800e006                OSDbg_RdyList
 .rodata.OSDbg_RdyListSize
                0x0800e008        0x4 uCOS-III\Source\os_dbg.o
                0x0800e008                OSDbg_RdyListSize
 .rodata.OSDbg_StkWidth
                0x0800e00c        0x1 uCOS-III\Source\os_dbg.o
                0x0800e00c                OSDbg_StkWidth
 .rodata.OSDbg_StatTaskEn
                0x0800e00d        0x1 uCOS-III\Source\os_dbg.o
                0x0800e00d                OSDbg_StatTaskEn
 .rodata.OSDbg_StatTaskStkChkEn
                0x0800e00e        0x1 uCOS-III\Source\os_dbg.o
                0x0800e00e                OSDbg_StatTaskStkChkEn
 .rodata.OSDbg_TaskChangePrioEn
                0x0800e00f        0x1 uCOS-III\Source\os_dbg.o
                0x0800e00f                OSDbg_TaskChangePrioEn
 .rodata.OSDbg_TaskDelEn
                0x0800e010        0x1 uCOS-III\Source\os_dbg.o
                0x0800e010                OSDbg_TaskDelEn
 .rodata.OSDbg_TaskQEn
                0x0800e011        0x1 uCOS-III\Source\os_dbg.o
                0x0800e011                OSDbg_TaskQEn
 .rodata.OSDbg_TaskQPendAbortEn
                0x0800e012        0x1 uCOS-III\Source\os_dbg.o
                0x0800e012                OSDbg_TaskQPendAbortEn
 .rodata.OSDbg_TaskProfileEn
                0x0800e013        0x1 uCOS-III\Source\os_dbg.o
                0x0800e013                OSDbg_TaskProfileEn
 .rodata.OSDbg_TaskRegTblSize
                0x0800e014        0x2 uCOS-III\Source\os_dbg.o
                0x0800e014                OSDbg_TaskRegTblSize
 .rodata.OSDbg_TaskSemPendAbortEn
                0x0800e016        0x1 uCOS-III\Source\os_dbg.o
                0x0800e016                OSDbg_TaskSemPendAbortEn
 .rodata.OSDbg_TaskSuspendEn
                0x0800e017        0x1 uCOS-III\Source\os_dbg.o
                0x0800e017                OSDbg_TaskSuspendEn
 .rodata.OSDbg_TCBSize
                0x0800e018        0x2 uCOS-III\Source\os_dbg.o
                0x0800e018                OSDbg_TCBSize
 .rodata.OSDbg_TickSpokeSize
                0x0800e01a        0x2 uCOS-III\Source\os_dbg.o
                0x0800e01a                OSDbg_TickSpokeSize
 .rodata.OSDbg_TimeDlyHMSMEn
                0x0800e01c        0x1 uCOS-III\Source\os_dbg.o
                0x0800e01c                OSDbg_TimeDlyHMSMEn
 .rodata.OSDbg_TimeDlyResumeEn
                0x0800e01d        0x1 uCOS-III\Source\os_dbg.o
                0x0800e01d                OSDbg_TimeDlyResumeEn
 *fill*         0x0800e01e        0x2 00
 .rodata.OSDbg_Tmr
                0x0800e020       0x34 uCOS-III\Source\os_dbg.o
                0x0800e020                OSDbg_Tmr
 .rodata.OSDbg_TmrEn
                0x0800e054        0x1 uCOS-III\Source\os_dbg.o
                0x0800e054                OSDbg_TmrEn
 .rodata.OSDbg_TmrDelEn
                0x0800e055        0x1 uCOS-III\Source\os_dbg.o
                0x0800e055                OSDbg_TmrDelEn
 .rodata.OSDbg_TmrSize
                0x0800e056        0x2 uCOS-III\Source\os_dbg.o
                0x0800e056                OSDbg_TmrSize
 .rodata.OSDbg_TmrSpokeSize
                0x0800e058        0x2 uCOS-III\Source\os_dbg.o
                0x0800e058                OSDbg_TmrSpokeSize
 .rodata.OSDbg_VersionNbr
                0x0800e05a        0x2 uCOS-III\Source\os_dbg.o
                0x0800e05a                OSDbg_VersionNbr
 .rodata.OSDbg_DataSize
                0x0800e05c        0x4 uCOS-III\Source\os_dbg.o
                0x0800e05c                OSDbg_DataSize
 .rodata.OSCfg_IdleTaskStkBasePtr
                0x0800e060        0x4 uCOS-III\Source\os_cfg_app.o
                0x0800e060                OSCfg_IdleTaskStkBasePtr
 .rodata.OSCfg_IdleTaskStkLimit
                0x0800e064        0x4 uCOS-III\Source\os_cfg_app.o
                0x0800e064                OSCfg_IdleTaskStkLimit
 .rodata.OSCfg_IdleTaskStkSize
                0x0800e068        0x4 uCOS-III\Source\os_cfg_app.o
                0x0800e068                OSCfg_IdleTaskStkSize
 .rodata.OSCfg_IntQBasePtr
                0x0800e06c        0x4 uCOS-III\Source\os_cfg_app.o
                0x0800e06c                OSCfg_IntQBasePtr
 .rodata.OSCfg_IntQSize
                0x0800e070        0x2 uCOS-III\Source\os_cfg_app.o
                0x0800e070                OSCfg_IntQSize
 *fill*         0x0800e072        0x2 00
 .rodata.OSCfg_IntQTaskStkBasePtr
                0x0800e074        0x4 uCOS-III\Source\os_cfg_app.o
                0x0800e074                OSCfg_IntQTaskStkBasePtr
 .rodata.OSCfg_IntQTaskStkLimit
                0x0800e078        0x4 uCOS-III\Source\os_cfg_app.o
                0x0800e078                OSCfg_IntQTaskStkLimit
 .rodata.OSCfg_IntQTaskStkSize
                0x0800e07c        0x4 uCOS-III\Source\os_cfg_app.o
                0x0800e07c                OSCfg_IntQTaskStkSize
 .rodata.OSCfg_ISRStkBasePtr
                0x0800e080        0x4 uCOS-III\Source\os_cfg_app.o
                0x0800e080                OSCfg_ISRStkBasePtr
 .rodata.OSCfg_ISRStkSize
                0x0800e084        0x4 uCOS-III\Source\os_cfg_app.o
                0x0800e084                OSCfg_ISRStkSize
 .rodata.OSCfg_MsgPoolSize
                0x0800e088        0x2 uCOS-III\Source\os_cfg_app.o
                0x0800e088                OSCfg_MsgPoolSize
 *fill*         0x0800e08a        0x2 00
 .rodata.OSCfg_MsgPoolBasePtr
                0x0800e08c        0x4 uCOS-III\Source\os_cfg_app.o
                0x0800e08c                OSCfg_MsgPoolBasePtr
 .rodata.OSCfg_StatTaskPrio
                0x0800e090        0x1 uCOS-III\Source\os_cfg_app.o
                0x0800e090                OSCfg_StatTaskPrio
 *fill*         0x0800e091        0x3 00
 .rodata.OSCfg_StatTaskRate_Hz
                0x0800e094        0x4 uCOS-III\Source\os_cfg_app.o
                0x0800e094                OSCfg_StatTaskRate_Hz
 .rodata.OSCfg_StatTaskStkBasePtr
                0x0800e098        0x4 uCOS-III\Source\os_cfg_app.o
                0x0800e098                OSCfg_StatTaskStkBasePtr
 .rodata.OSCfg_StatTaskStkLimit
                0x0800e09c        0x4 uCOS-III\Source\os_cfg_app.o
                0x0800e09c                OSCfg_StatTaskStkLimit
 .rodata.OSCfg_StatTaskStkSize
                0x0800e0a0        0x4 uCOS-III\Source\os_cfg_app.o
                0x0800e0a0                OSCfg_StatTaskStkSize
 .rodata.OSCfg_StkSizeMin
                0x0800e0a4        0x4 uCOS-III\Source\os_cfg_app.o
                0x0800e0a4                OSCfg_StkSizeMin
 .rodata.OSCfg_TickRate_Hz
                0x0800e0a8        0x4 uCOS-III\Source\os_cfg_app.o
                0x0800e0a8                OSCfg_TickRate_Hz
 .rodata.OSCfg_TickTaskPrio
                0x0800e0ac        0x1 uCOS-III\Source\os_cfg_app.o
                0x0800e0ac                OSCfg_TickTaskPrio
 *fill*         0x0800e0ad        0x3 00
 .rodata.OSCfg_TickTaskStkBasePtr
                0x0800e0b0        0x4 uCOS-III\Source\os_cfg_app.o
                0x0800e0b0                OSCfg_TickTaskStkBasePtr
 .rodata.OSCfg_TickTaskStkLimit
                0x0800e0b4        0x4 uCOS-III\Source\os_cfg_app.o
                0x0800e0b4                OSCfg_TickTaskStkLimit
 .rodata.OSCfg_TickTaskStkSize
                0x0800e0b8        0x4 uCOS-III\Source\os_cfg_app.o
                0x0800e0b8                OSCfg_TickTaskStkSize
 .rodata.OSCfg_TickWheelSize
                0x0800e0bc        0x2 uCOS-III\Source\os_cfg_app.o
                0x0800e0bc                OSCfg_TickWheelSize
 .rodata.OSCfg_TmrTaskPrio
                0x0800e0be        0x1 uCOS-III\Source\os_cfg_app.o
                0x0800e0be                OSCfg_TmrTaskPrio
 *fill*         0x0800e0bf        0x1 00
 .rodata.OSCfg_TmrTaskRate_Hz
                0x0800e0c0        0x4 uCOS-III\Source\os_cfg_app.o
                0x0800e0c0                OSCfg_TmrTaskRate_Hz
 .rodata.OSCfg_TmrTaskStkBasePtr
                0x0800e0c4        0x4 uCOS-III\Source\os_cfg_app.o
                0x0800e0c4                OSCfg_TmrTaskStkBasePtr
 .rodata.OSCfg_TmrTaskStkLimit
                0x0800e0c8        0x4 uCOS-III\Source\os_cfg_app.o
                0x0800e0c8                OSCfg_TmrTaskStkLimit
 .rodata.OSCfg_TmrTaskStkSize
                0x0800e0cc        0x4 uCOS-III\Source\os_cfg_app.o
                0x0800e0cc                OSCfg_TmrTaskStkSize
 .rodata.OSCfg_TmrWheelSize
                0x0800e0d0        0x2 uCOS-III\Source\os_cfg_app.o
                0x0800e0d0                OSCfg_TmrWheelSize
 *fill*         0x0800e0d2        0x2 00
 .rodata.APBAHBPrescTable
                0x0800e0d4       0x10 BSP\ST\STM32\src\stm32f10x_rcc.o
 .rodata.ADCPrescTable
                0x0800e0e4        0x4 BSP\ST\STM32\src\stm32f10x_rcc.o
 .rodata.str1.1
                0x0800e0e8        0x2 c:/program files (x86)/atollic/truestudio for arm pro 3.3.0/armtools/bin/../lib/gcc/arm-atollic-eabi/4.6.2/../../../../arm-atollic-eabi/lib/thumb/armv7-m\libc.a(lib_a-impure.o)
 .rodata.zeroes.6598
                0x0800e0ea       0x10 c:/program files (x86)/atollic/truestudio for arm pro 3.3.0/armtools/bin/../lib/gcc/arm-atollic-eabi/4.6.2/../../../../arm-atollic-eabi/lib/thumb/armv7-m\libc.a(lib_a-svfprintf.o)
 .rodata.str1.1
                0x0800e0fa       0x34 c:/program files (x86)/atollic/truestudio for arm pro 3.3.0/armtools/bin/../lib/gcc/arm-atollic-eabi/4.6.2/../../../../arm-atollic-eabi/lib/thumb/armv7-m\libc.a(lib_a-svfprintf.o)
 .rodata.blanks.6597
                0x0800e12e       0x10 c:/program files (x86)/atollic/truestudio for arm pro 3.3.0/armtools/bin/../lib/gcc/arm-atollic-eabi/4.6.2/../../../../arm-atollic-eabi/lib/thumb/armv7-m\libc.a(lib_a-svfprintf.o)
 .rodata.str1.1
                0x0800e13e        0xd c:/program files (x86)/atollic/truestudio for arm pro 3.3.0/armtools/bin/../lib/gcc/arm-atollic-eabi/4.6.2/../../../../arm-atollic-eabi/lib/thumb/armv7-m\libc.a(lib_a-dtoa.o)
                                  0xf (size before relaxing)
 .rodata.str1.1
                0x0800e14b        0x8 c:/program files (x86)/atollic/truestudio for arm pro 3.3.0/armtools/bin/../lib/gcc/arm-atollic-eabi/4.6.2/../../../../arm-atollic-eabi/lib/thumb/armv7-m\libc.a(lib_a-locale.o)
                                  0xb (size before relaxing)
 *fill*         0x0800e153        0x1 00
 .rodata.p05.5123
                0x0800e154        0xc c:/program files (x86)/atollic/truestudio for arm pro 3.3.0/armtools/bin/../lib/gcc/arm-atollic-eabi/4.6.2/../../../../arm-atollic-eabi/lib/thumb/armv7-m\libc.a(lib_a-mprec.o)
 .rodata.__mprec_tens
                0x0800e160       0xc8 c:/program files (x86)/atollic/truestudio for arm pro 3.3.0/armtools/bin/../lib/gcc/arm-atollic-eabi/4.6.2/../../../../arm-atollic-eabi/lib/thumb/armv7-m\libc.a(lib_a-mprec.o)
                0x0800e160                __mprec_tens
 .rodata.__mprec_bigtens
                0x0800e228       0x28 c:/program files (x86)/atollic/truestudio for arm pro 3.3.0/armtools/bin/../lib/gcc/arm-atollic-eabi/4.6.2/../../../../arm-atollic-eabi/lib/thumb/armv7-m\libc.a(lib_a-mprec.o)
                0x0800e228                __mprec_bigtens
 *(.glue_7)
 .glue_7        0x00000000        0x0 linker stubs
 *(.glue_7t)
 .glue_7t       0x00000000        0x0 linker stubs
 *(.eh_frame)
 .eh_frame      0x0800e250        0x0 c:/program files (x86)/atollic/truestudio for arm pro 3.3.0/armtools/bin/../lib/gcc/arm-atollic-eabi/4.6.2/thumb/armv7-m/crtbegin.o
 *(.init)
 .init          0x0800e250        0x4 c:/program files (x86)/atollic/truestudio for arm pro 3.3.0/armtools/bin/../lib/gcc/arm-atollic-eabi/4.6.2/thumb/armv7-m/crti.o
                0x0800e250                _init
 .init          0x0800e254        0x8 c:/program files (x86)/atollic/truestudio for arm pro 3.3.0/armtools/bin/../lib/gcc/arm-atollic-eabi/4.6.2/thumb/armv7-m/crtn.o
 *(.fini)
 .fini          0x0800e25c        0x4 c:/program files (x86)/atollic/truestudio for arm pro 3.3.0/armtools/bin/../lib/gcc/arm-atollic-eabi/4.6.2/thumb/armv7-m/crti.o
                0x0800e25c                _fini
 .fini          0x0800e260        0x8 c:/program files (x86)/atollic/truestudio for arm pro 3.3.0/armtools/bin/../lib/gcc/arm-atollic-eabi/4.6.2/thumb/armv7-m/crtn.o
                0x0800e268                . = ALIGN (0x4)
                0x0800e268                _etext = .

.vfp11_veneer   0x0800e268        0x0
 .vfp11_veneer  0x00000000        0x0 linker stubs

.v4_bx          0x0800e268        0x0
 .v4_bx         0x00000000        0x0 linker stubs

.ARM.extab      0x0800e268       0x30
 *(.ARM.extab* .gnu.linkonce.armextab.*)
 .ARM.extab     0x0800e268       0x18 c:/program files (x86)/atollic/truestudio for arm pro 3.3.0/armtools/bin/../lib/gcc/arm-atollic-eabi/4.6.2/thumb/armv7-m\libgcc.a(unwind-arm.o)
 .ARM.extab     0x0800e280       0x18 c:/program files (x86)/atollic/truestudio for arm pro 3.3.0/armtools/bin/../lib/gcc/arm-atollic-eabi/4.6.2/thumb/armv7-m\libgcc.a(pr-support.o)

.ARM            0x0800e298       0xe8
                0x0800e298                __exidx_start = .
 *(.ARM.exidx*)
 .ARM.exidx     0x0800e298       0x10 c:/program files (x86)/atollic/truestudio for arm pro 3.3.0/armtools/bin/../lib/gcc/arm-atollic-eabi/4.6.2/thumb/armv7-m\libgcc.a(bpabi.o)
 .ARM.exidx     0x0800e2a8       0x88 c:/program files (x86)/atollic/truestudio for arm pro 3.3.0/armtools/bin/../lib/gcc/arm-atollic-eabi/4.6.2/thumb/armv7-m\libgcc.a(unwind-arm.o)
                                 0xc0 (size before relaxing)
 .ARM.exidx     0x0800e330       0x38 c:/program files (x86)/atollic/truestudio for arm pro 3.3.0/armtools/bin/../lib/gcc/arm-atollic-eabi/4.6.2/thumb/armv7-m\libgcc.a(pr-support.o)
                                 0x48 (size before relaxing)
 .ARM.exidx     0x0800e368        0x8 c:/program files (x86)/atollic/truestudio for arm pro 3.3.0/armtools/bin/../lib/gcc/arm-atollic-eabi/4.6.2/thumb/armv7-m\libgcc.a(_divdi3.o)
 .ARM.exidx     0x0800e370       0x10 c:/program files (x86)/atollic/truestudio for arm pro 3.3.0/armtools/bin/../lib/gcc/arm-atollic-eabi/4.6.2/thumb/armv7-m\libgcc.a(_udivdi3.o)
                                  0x8 (size before relaxing)
                0x0800e380                __exidx_end = .

.preinit_array  0x0800e380        0x0
                0x0800e380                PROVIDE (__preinit_array_start, .)
 *(.preinit_array*)
                0x0800e380                PROVIDE (__preinit_array_end, .)

.init_array     0x0800e380        0x4
                0x0800e380                PROVIDE (__init_array_start, .)
 *(SORT(.init_array.*))
 *(.init_array*)
 .init_array    0x0800e380        0x4 c:/program files (x86)/atollic/truestudio for arm pro 3.3.0/armtools/bin/../lib/gcc/arm-atollic-eabi/4.6.2/thumb/armv7-m/crtbegin.o
                0x0800e384                PROVIDE (__init_array_end, .)

.fini_array     0x0800e384        0x4
                0x0800e384                PROVIDE (__fini_array_start, .)
 *(.fini_array*)
 .fini_array    0x0800e384        0x4 c:/program files (x86)/atollic/truestudio for arm pro 3.3.0/armtools/bin/../lib/gcc/arm-atollic-eabi/4.6.2/thumb/armv7-m/crtbegin.o
 *(SORT(.fini_array.*))
                0x0800e388                PROVIDE (__fini_array_end, .)
                0x0800e388                _sidata = .

.data           0x20000000      0x53c load address 0x0800e388
                0x20000000                . = ALIGN (0x4)
                0x20000000                _sdata = .
 *(.data)
 *(.data*)
 .data.impure_data
                0x20000000       0xf0 c:/program files (x86)/atollic/truestudio for arm pro 3.3.0/armtools/bin/../lib/gcc/arm-atollic-eabi/4.6.2/../../../../arm-atollic-eabi/lib/thumb/armv7-m\libc.a(lib_a-impure.o)
 .data._impure_ptr
                0x200000f0        0x4 c:/program files (x86)/atollic/truestudio for arm pro 3.3.0/armtools/bin/../lib/gcc/arm-atollic-eabi/4.6.2/../../../../arm-atollic-eabi/lib/thumb/armv7-m\libc.a(lib_a-impure.o)
                0x200000f0                _impure_ptr
 .data.lconv    0x200000f4       0x38 c:/program files (x86)/atollic/truestudio for arm pro 3.3.0/armtools/bin/../lib/gcc/arm-atollic-eabi/4.6.2/../../../../arm-atollic-eabi/lib/thumb/armv7-m\libc.a(lib_a-locale.o)
 .data.__malloc_av_
                0x2000012c      0x408 c:/program files (x86)/atollic/truestudio for arm pro 3.3.0/armtools/bin/../lib/gcc/arm-atollic-eabi/4.6.2/../../../../arm-atollic-eabi/lib/thumb/armv7-m\libc.a(lib_a-mallocr.o)
                0x2000012c                __malloc_av_
 .data.__malloc_trim_threshold
                0x20000534        0x4 c:/program files (x86)/atollic/truestudio for arm pro 3.3.0/armtools/bin/../lib/gcc/arm-atollic-eabi/4.6.2/../../../../arm-atollic-eabi/lib/thumb/armv7-m\libc.a(lib_a-mallocr.o)
                0x20000534                __malloc_trim_threshold
 .data.__malloc_sbrk_base
                0x20000538        0x4 c:/program files (x86)/atollic/truestudio for arm pro 3.3.0/armtools/bin/../lib/gcc/arm-atollic-eabi/4.6.2/../../../../arm-atollic-eabi/lib/thumb/armv7-m\libc.a(lib_a-mallocr.o)
                0x20000538                __malloc_sbrk_base
                0x2000053c                . = ALIGN (0x4)
                0x2000053c                _edata = .

.jcr            0x2000053c        0x0 load address 0x0800e8c4
 .jcr           0x2000053c        0x0 c:/program files (x86)/atollic/truestudio for arm pro 3.3.0/armtools/bin/../lib/gcc/arm-atollic-eabi/4.6.2/thumb/armv7-m/crtbegin.o
                0x2000053c                . = ALIGN (0x4)

.bss            0x2000053c     0x8c04 load address 0x0800e8c4
                0x2000053c                _sbss = .
                0x2000053c                __bss_start__ = _sbss
 *(.bss)
 .bss           0x2000053c       0x1c c:/program files (x86)/atollic/truestudio for arm pro 3.3.0/armtools/bin/../lib/gcc/arm-atollic-eabi/4.6.2/thumb/armv7-m/crtbegin.o
 *(.bss*)
 .bss.BSP_SerTxWait
                0x20000558       0x28 BSP\bsp_ser.o
 .bss.BSP_SerRxWait
                0x20000580       0x28 BSP\bsp_ser.o
 .bss.BSP_SerLock
                0x200005a8       0x28 BSP\bsp_ser.o
 .bss.BSP_SerRxData
                0x200005d0        0x1 BSP\bsp_ser.o
 *fill*         0x200005d1        0x3 00
 .bss.BSP_IntVectTbl
                0x200005d4      0x110 BSP\bsp_int.o
 .bss.AppTaskStartTCB
                0x200006e4       0xc8 APP\app.o
 .bss.AppTaskStartStk
                0x200007ac      0x200 APP\app.o
 .bss.__malloc_max_total_mem
                0x200009ac        0x4 c:/program files (x86)/atollic/truestudio for arm pro 3.3.0/armtools/bin/../lib/gcc/arm-atollic-eabi/4.6.2/../../../../arm-atollic-eabi/lib/thumb/armv7-m\libc.a(lib_a-mallocr.o)
                0x200009ac                __malloc_max_total_mem
 .bss.__malloc_max_sbrked_mem
                0x200009b0        0x4 c:/program files (x86)/atollic/truestudio for arm pro 3.3.0/armtools/bin/../lib/gcc/arm-atollic-eabi/4.6.2/../../../../arm-atollic-eabi/lib/thumb/armv7-m\libc.a(lib_a-mallocr.o)
                0x200009b0                __malloc_max_sbrked_mem
 .bss.__malloc_top_pad
                0x200009b4        0x4 c:/program files (x86)/atollic/truestudio for arm pro 3.3.0/armtools/bin/../lib/gcc/arm-atollic-eabi/4.6.2/../../../../arm-atollic-eabi/lib/thumb/armv7-m\libc.a(lib_a-mallocr.o)
                0x200009b4                __malloc_top_pad
 .bss.__malloc_current_mallinfo
                0x200009b8       0x28 c:/program files (x86)/atollic/truestudio for arm pro 3.3.0/armtools/bin/../lib/gcc/arm-atollic-eabi/4.6.2/../../../../arm-atollic-eabi/lib/thumb/armv7-m\libc.a(lib_a-mallocr.o)
                0x200009b8                __malloc_current_mallinfo
 .bss.heap_end.4982
                0x200009e0        0x4 c:/program files (x86)/atollic/truestudio for arm pro 3.3.0/armtools/bin/../lib/gcc/arm-atollic-eabi/4.6.2/../../../../arm-atollic-eabi/lib/thumb/armv7-m\libc.a(lib_a-syscalls.o)
 *(COMMON)
 COMMON         0x200009e4      0x640 uCOS-III\Source\os_var.o
                0x200009e4                OSSchedLockNestingCtr
                0x200009e8                OS_AppTaskReturnHookPtr
                0x200009ec                OSStatTaskTimeMax
                0x200009f0                OSStatTaskCtr
                0x200009f4                OSTaskRegNextAvailID
                0x200009f5                OSRunning
                0x200009f8                OSRdyList
                0x20000b78                OSIntQInPtr
                0x20000b7c                OSPrioHighRdy
                0x20000b7d                OSStatTaskRdy
                0x20000b80                OSSemDbgListPtr
                0x20000b84                OS_AppTaskCreateHookPtr
                0x20000b88                OSPrioCur
                0x20000b8c                OSTickTaskTCB
                0x20000c54                OSIntQTaskTimeMax
                0x20000c58                OSTmrTickCtr
                0x20000c5c                OSSchedLockTimeBegin
                0x20000c60                OSTCBCurPtr
                0x20000c64                OSQQty
                0x20000c66                OSStatTaskCPUUsageMax
                0x20000c68                OSIntQNbrEntriesMax
                0x20000c6a                OSPrioSaved
                0x20000c6c                OSTCBHighRdyPtr
                0x20000c70                OSSchedLockTimeMaxCur
                0x20000c74                OSTaskDbgListPtr
                0x20000c78                OSTmrTaskTimeMax
                0x20000c7c                OS_AppTaskDelHookPtr
                0x20000c80                OS_AppTimeTickHookPtr
                0x20000c84                OSTaskCtxSwCtr
                0x20000c88                OSStatTaskCPUUsage
                0x20000c8a                OSIntNestingCtr
                0x20000c8c                OSTaskQty
                0x20000c90                OSTmrTaskTCB
                0x20000d58                OSMsgPool
                0x20000d64                OSIntQOutPtr
                0x20000d68                OSIdleTaskTCB
                0x20000e30                OSQDbgListPtr
                0x20000e34                OSIntQTaskTCB
                0x20000efc                OSSemQty
                0x20000f00                OSMemDbgListPtr
                0x20000f04                OSSchedRoundRobinDfltTimeQuanta
                0x20000f08                OS_AppIdleTaskHookPtr
                0x20000f0c                OSStatTaskCtrMax
                0x20000f10                OSTickCtr
                0x20000f14                OS_AppTaskSwHookPtr
                0x20000f18                OSTmrQty
                0x20000f1c                OSIntDisTimeMax
                0x20000f20                OSIdleTaskCtr
                0x20000f24                OSStatTaskCtrRun
                0x20000f28                OS_AppStatTaskHookPtr
                0x20000f2c                OSFlagQty
                0x20000f2e                OSIntQOvfCtr
                0x20000f30                OSFlagDbgListPtr
                0x20000f34                OSSchedLockTimeMax
                0x20000f38                OSStatResetFlag
                0x20000f3a                OSMemQty
                0x20000f3c                OSMutexQty
                0x20000f40                OSStatTaskTCB
                0x20001008                OSTmrDbgListPtr
                0x2000100c                OSTickTaskTimeMax
                0x20001010                OSTmrUpdateCnt
                0x20001014                OSSchedRoundRobinEn
                0x20001018                OSMutexDbgListPtr
                0x2000101c                OSIntQNbrEntries
                0x20001020                OSTmrUpdateCtr
 COMMON         0x20001024        0x4 uCOS-III\Source\os_prio.o
                0x20001024                OSPrioTbl
 COMMON         0x20001028     0x1490 uCOS-III\Source\os_cfg_app.o
                0x20001028                OSCfg_IntQTaskStk
                0x20001228                OSCfg_StatTaskStk
                0x20001428                OSCfg_TickWheel
                0x200014b0                OSCfg_MsgPool
                0x20001af0                OSCfg_TmrTaskStk
                0x20001cf0                OSCfg_TmrWheel
                0x20001d78                OSCfg_ISRStk
                0x20001f78                OSCfg_TickTaskStk
                0x20002178                OSCfg_IntQ
                0x200022b8                OSCfg_IdleTaskStk
 COMMON         0x200024b8        0x4 uCOS-III\Ports\ARM-Cortex-M3\Generic\GNU\os_cpu_c.o
                0x200024b8                OS_CPU_ExceptStkBase
 COMMON         0x200024bc     0x6c4c uC-LIB\lib_mem.o
                0x200024bc                Mem_PoolHeap
                0x20002504                Mem_Heap
                0x20009104                Mem_PoolTbl
 COMMON         0x20009108       0x30 uC-CPU\cpu_core.o
                0x20009108                CPU_IntDisMeasMax_cnts
                0x2000910c                CPU_TS_TmrFreq_Hz
                0x20009110                CPU_IntDisMeasStart_cnts
                0x20009114                CPU_IntDisNestCtr
                0x20009118                CPU_IntDisMeasStop_cnts
                0x2000911c                CPU_IntDisMeasMaxCur_cnts
                0x20009120                CPU_IntDisMeasCtr
                0x20009124                CPU_IntDisMeasOvrhd_cnts
                0x20009128                CPU_Name
 COMMON         0x20009138        0x4 BSP\bsp.o
                0x20009138                BSP_CPU_ClkFreq_MHz
 COMMON         0x2000913c        0x4 c:/program files (x86)/atollic/truestudio for arm pro 3.3.0/armtools/bin/../lib/gcc/arm-atollic-eabi/4.6.2/../../../../arm-atollic-eabi/lib/thumb/armv7-m\libc.a(lib_a-reent.o)
                0x2000913c                errno
                0x20009140                . = ALIGN (0x4)
                0x20009140                _ebss = .
                0x20009140                __bss_end__ = _ebss

._user_heap_stack
                0x20009140      0x200 load address 0x080174c8
                0x20009140                . = ALIGN (0x4)
                0x20009140                PROVIDE (end, .)
                0x20009140                PROVIDE (_end, .)
                0x20009140                . = (. + _Min_Heap_Size)
                0x20009340                . = (. + _Min_Stack_Size)
 *fill*         0x20009140      0x200 00
                0x20009340                . = ALIGN (0x4)

.memory_b1_text
 *(.mb1text)
 *(.mb1text*)
 *(.mb1rodata)
 *(.mb1rodata*)

/DISCARD/
 libc.a(*)
 libm.a(*)
 libgcc.a(*)

.ARM.attributes
                0x00000000       0x29
 *(.ARM.attributes)
 .ARM.attributes
                0x00000000       0x1d c:/program files (x86)/atollic/truestudio for arm pro 3.3.0/armtools/bin/../lib/gcc/arm-atollic-eabi/4.6.2/thumb/armv7-m/crti.o
 .ARM.attributes
                0x0000001d       0x2d c:/program files (x86)/atollic/truestudio for arm pro 3.3.0/armtools/bin/../lib/gcc/arm-atollic-eabi/4.6.2/thumb/armv7-m/crtbegin.o
 .ARM.attributes
                0x0000004a       0x33 uCOS-III\Source\os_var.o
 .ARM.attributes
                0x0000007d       0x33 uCOS-III\Source\os_tmr.o
 .ARM.attributes
                0x000000b0       0x33 uCOS-III\Source\os_time.o
 .ARM.attributes
                0x000000e3       0x33 uCOS-III\Source\os_tick.o
 .ARM.attributes
                0x00000116       0x33 uCOS-III\Source\os_task.o
 .ARM.attributes
                0x00000149       0x33 uCOS-III\Source\os_stat.o
 .ARM.attributes
                0x0000017c       0x33 uCOS-III\Source\os_sem.o
 .ARM.attributes
                0x000001af       0x33 uCOS-III\Source\os_q.o
 .ARM.attributes
                0x000001e2       0x33 uCOS-III\Source\os_prio.o
 .ARM.attributes