<html>
<body>
<pre>
<h1>µVision Build Log</h1>
<h2>Tool Versions:</h2>
IDE-Version: ¦ÌVision V5.36.0.0
Copyright (C) 2021 ARM Ltd and ARM Germany GmbH. All rights reserved.
License Information: ppq ppl, ppqppl, LIC=KRMW3-AL29Q-KP5ZY-I26WL-V5YII-FQT5J
 
Tool Versions:
Toolchain:       MDK-ARM Plus  Version: 5.36.0.0
Toolchain Path:  D:\environment\Stm32\Kali_v5_5.36\ARM\ARMCC\Bin
C Compiler:      Armcc.exe V5.06 update 7 (build 960)
Assembler:       Armasm.exe V5.06 update 7 (build 960)
Linker/Locator:  ArmLink.exe V5.06 update 7 (build 960)
Library Manager: ArmAr.exe V5.06 update 7 (build 960)
Hex Converter:   FromElf.exe V5.06 update 7 (build 960)
CPU DLL:         SARMCM3.DLL V5.36.0.0
Dialog DLL:      DCM.DLL V1.17.3.0
Target DLL:      STLink\ST-LINKIII-KEIL_SWO.dll V3.0.9.0
Dialog DLL:      TCM.DLL V1.53.0.0
 
<h2>Project:</h2>
D:\code-file\stm32\Modbus_CubeMX\Modbus_CubeMX\MDK-ARM\Modbus_CubeMX.uvprojx
Project File Date:  12/25/2022

<h2>Output:</h2>
*** Using Compiler 'V5.06 update 7 (build 960)', folder: 'D:\environment\Stm32\Kali_v5_5.36\ARM\ARMCC\Bin'
Build target 'Modbus_CubeMX'
assembling startup_stm32f103xb.s...
compiling stm32f1xx_it.c...
compiling stm32f1xx_hal_gpio.c...
compiling i2c.c...
compiling usart.c...
compiling stm32f1xx_hal_gpio_ex.c...
compiling stm32f1xx_hal.c...
compiling gpio.c...
compiling stm32f1xx_hal_rcc_ex.c...
compiling stm32f1xx_hal_msp.c...
compiling tim.c...
compiling dma.c...
compiling app_rt_thread.c...
./AHT20/AHT20.h(35): warning:  #1-D: last line of file ends without a newline
  #endif
app_rt_thread.c(49): warning:  #1-D: last line of file ends without a newline
  }
app_rt_thread.c: 2 warnings, 0 errors
compiling main.c...
./AHT20/AHT20.h(35): warning:  #1-D: last line of file ends without a newline
  #endif
../Core/Src/main.c: 1 warning, 0 errors
compiling stm32f1xx_hal_i2c.c...
compiling stm32f1xx_hal_rcc.c...
compiling stm32f1xx_hal_flash_ex.c...
compiling mbascii.c...
compiling stm32f1xx_hal_cortex.c...
compiling stm32f1xx_hal_pwr.c...
compiling stm32f1xx_hal_flash.c...
compiling mbfunccoils.c...
compiling mbfuncdisc.c...
compiling stm32f1xx_hal_tim_ex.c...
compiling system_stm32f1xx.c...
compiling stm32f1xx_hal_exti.c...
compiling AHT20.c...
AHT20\AHT20.h(35): warning:  #1-D: last line of file ends without a newline
  #endif
AHT20\AHT20.c(459): warning:  #550-D: variable "Byte_first"  was set but never used
  	uint8_t Byte_first,Byte_second,Byte_third,Byte_fourth;
AHT20\AHT20.c(459): warning:  #177-D: variable "Byte_fourth"  was declared but never referenced
  	uint8_t Byte_first,Byte_second,Byte_third,Byte_fourth;
AHT20\AHT20.c: 3 warnings, 0 errors
compiling mbfuncholding.c...
compiling stm32f1xx_hal_uart.c...
compiling stm32f1xx_hal_dma.c...
compiling clock.c...
compiling cpu.c...
compiling components.c...
compiling idle.c...
compiling irq.c...
compiling ipc.c...
compiling stm32f1xx_hal_tim.c...
compiling memheap.c...
compiling mem.c...
compiling mempool.c...
compiling kservice.c...
compiling slab.c...
compiling object.c...
compiling scheduler.c...
compiling thread.c...
compiling cpuport.c...
compiling timer.c...
compiling cmd.c...
compiling finsh_port.c...
compiling msh.c...
compiling shell.c...
compiling device.c...
compiling portserial.c...
compiling mbutils.c...
compiling demo.c...
./AHT20/AHT20.h(35): warning:  #1-D: last line of file ends without a newline
  #endif
STM32F103C8T6_Mosbus\demo.c(80): warning:  #186-D: pointless comparison of unsigned integer with zero
  	if( ( usAddress >= REG_INPUT_START ) && ( usAddress + usNRegs <= REG_INPUT_START + REG_INPUT_NREGS ) )
STM32F103C8T6_Mosbus\demo.c(64): warning:  #550-D: variable "iRegIndex"  was set but never used
  	int iRegIndex;
STM32F103C8T6_Mosbus\demo.c: 3 warnings, 0 errors
compiling mbrtu.c...
STM32F103C8T6_Mosbus\modbus\rtu\mbrtu.c(152): warning:  #550-D: variable "xFrameReceived"  was set but never used
      BOOL            xFrameReceived = FALSE;
STM32F103C8T6_Mosbus\modbus\rtu\mbrtu.c: 1 warning, 0 errors
compiling board.c...
compiling mbtcp.c...
compiling mbcrc.c...
compiling portevent.c...
compiling porttimer.c...
compiling mbfuncinput.c...
compiling mbfuncother.c...
compiling mb.c...
linking...
Program Size: Code=21628 RO-data=1748 RW-data=388 ZI-data=5780  
FromELF: creating hex file...
"Modbus_CubeMX\Modbus_CubeMX.axf" - 0 Error(s), 10 Warning(s).

<h2>Software Packages used:</h2>

Package Vendor: ARM
                http://www.keil.com/pack/ARM.CMSIS.5.8.0.pack
                ARM.CMSIS.5.8.0
                CMSIS (Common Microcontroller Software Interface Standard)
   * Component: CORE Version: 5.5.0

Package Vendor: Keil
                http://www.keil.com/pack/Keil.STM32F1xx_DFP.2.4.0.pack
                Keil.STM32F1xx_DFP.2.4.0
                STMicroelectronics STM32F1 Series Device Support, Drivers and Examples

<h2>Collection of Component include folders:</h2>
  .\RTE\_Modbus_CubeMX
  D:\environment\Stm32\Kali_v5_5.36\packs\ARM\CMSIS\5.8.0\CMSIS\Core\Include
  D:\environment\Stm32\Kali_v5_5.36\packs\Keil\STM32F1xx_DFP\2.4.0\Device\Include

<h2>Collection of Component Files used:</h2>

   * Component: ARM::CMSIS:CORE:5.5.0
      Include file:  CMSIS\Core\Include\tz_context.h
Build Time Elapsed:  00:00:11
</pre>
</body>
</html>
