<html>
<body>
<pre>
<h1>µVision Build Log</h1>
<h2>Tool Versions:</h2>
IDE-Version: ¦ÌVision V5.36.0.0
Copyright (C) 2021 ARM Ltd and ARM Germany GmbH. All rights reserved.
License Information: ppq ppl, ppqppl, LIC=KRMW3-AL29Q-KP5ZY-I26WL-V5YII-FQT5J
 
Tool Versions:
Toolchain:       MDK-ARM Plus  Version: 5.36.0.0
Toolchain Path:  D:\environment\Stm32\Kali_v5_5.36\ARM\ARMCC\Bin
C Compiler:      Armcc.exe V5.06 update 7 (build 960)
Assembler:       Armasm.exe V5.06 update 7 (build 960)
Linker/Locator:  ArmLink.exe V5.06 update 7 (build 960)
Library Manager: ArmAr.exe V5.06 update 7 (build 960)
Hex Converter:   FromElf.exe V5.06 update 7 (build 960)
CPU DLL:         SARMCM3.DLL V5.36.0.0
Dialog DLL:      DARMSTM.DLL V1.68.0.0
Target DLL:      STLink\ST-LINKIII-KEIL_SWO.dll V3.0.9.0
Dialog DLL:      TARMSTM.DLL V1.66.0.0
 
<h2>Project:</h2>
D:\code-file\stm32\RT-Thread_CubeMX\RT-Thread_CubeMX\MDK-ARM\RT-Thread_CubeMX.uvprojx
Project File Date:  12/21/2022

<h2>Output:</h2>
*** Using Compiler 'V5.06 update 7 (build 960)', folder: 'D:\environment\Stm32\Kali_v5_5.36\ARM\ARMCC\Bin'
Rebuild target 'RT-Thread_CubeMX'
Note: source file '../Middlewares/Third_Party/RealThread_RTOS/libcpu/arm/cortex-m3/context_rvds.S' - object file renamed from 'RT-Thread_CubeMX\context_rvds.o' to 'RT-Thread_CubeMX\context_rvds_1.o'.
Note: source file '../Middlewares/Third_Party/RealThread_RTOS/src/clock.c' - object file renamed from 'RT-Thread_CubeMX\clock.o' to 'RT-Thread_CubeMX\clock_1.o'.
Note: source file '../Middlewares/Third_Party/RealThread_RTOS/src/components.c' - object file renamed from 'RT-Thread_CubeMX\components.o' to 'RT-Thread_CubeMX\components_1.o'.
Note: source file '../Middlewares/Third_Party/RealThread_RTOS/src/idle.c' - object file renamed from 'RT-Thread_CubeMX\idle.o' to 'RT-Thread_CubeMX\idle_1.o'.
Note: source file '../Middlewares/Third_Party/RealThread_RTOS/src/ipc.c' - object file renamed from 'RT-Thread_CubeMX\ipc.o' to 'RT-Thread_CubeMX\ipc_1.o'.
Note: source file '../Middlewares/Third_Party/RealThread_RTOS/src/irq.c' - object file renamed from 'RT-Thread_CubeMX\irq.o' to 'RT-Thread_CubeMX\irq_1.o'.
Note: source file '../Middlewares/Third_Party/RealThread_RTOS/src/kservice.c' - object file renamed from 'RT-Thread_CubeMX\kservice.o' to 'RT-Thread_CubeMX\kservice_1.o'.
Note: source file '../Middlewares/Third_Party/RealThread_RTOS/src/mem.c' - object file renamed from 'RT-Thread_CubeMX\mem.o' to 'RT-Thread_CubeMX\mem_1.o'.
Note: source file '../Middlewares/Third_Party/RealThread_RTOS/src/mempool.c' - object file renamed from 'RT-Thread_CubeMX\mempool.o' to 'RT-Thread_CubeMX\mempool_1.o'.
Note: source file '../Middlewares/Third_Party/RealThread_RTOS/src/object.c' - object file renamed from 'RT-Thread_CubeMX\object.o' to 'RT-Thread_CubeMX\object_1.o'.
Note: source file '../Middlewares/Third_Party/RealThread_RTOS/src/scheduler.c' - object file renamed from 'RT-Thread_CubeMX\scheduler.o' to 'RT-Thread_CubeMX\scheduler_1.o'.
Note: source file '../Middlewares/Third_Party/RealThread_RTOS/src/thread.c' - object file renamed from 'RT-Thread_CubeMX\thread.o' to 'RT-Thread_CubeMX\thread_1.o'.
Note: source file '../Middlewares/Third_Party/RealThread_RTOS/src/timer.c' - object file renamed from 'RT-Thread_CubeMX\timer.o' to 'RT-Thread_CubeMX\timer_1.o'.
Note: source file '../Middlewares/Third_Party/RealThread_RTOS/libcpu/arm/cortex-m3/cpuport.c' - object file renamed from 'RT-Thread_CubeMX\cpuport.o' to 'RT-Thread_CubeMX\cpuport_1.o'.
Note: source file '../Middlewares/Third_Party/RealThread_RTOS/bsp/_template/cubemx_config/board.c' - object file renamed from 'RT-Thread_CubeMX\board.o' to 'RT-Thread_CubeMX\board_1.o'.
assembling startup_stm32f103xb.s...
compiling usart.c...
compiling i2c.c...
compiling stm32f1xx_hal_rcc_ex.c...
compiling stm32f1xx_it.c...
compiling gpio.c...
compiling stm32f1xx_hal_gpio_ex.c...
compiling app_rt_thread.c...
.\AHT20\AHT20.h(35): warning:  #1-D: last line of file ends without a newline
  #endif
app_rt_thread.c: 1 warning, 0 errors
compiling stm32f1xx_hal_gpio.c...
compiling stm32f1xx_hal_msp.c...
compiling stm32f1xx_hal_cortex.c...
compiling stm32f1xx_hal_dma.c...
assembling context_rvds.S...
compiling stm32f1xx_hal.c...
compiling main.c...
compiling clock.c...
compiling stm32f1xx_hal_rcc.c...
compiling components.c...
compiling cpu.c...
compiling idle.c...
compiling ipc.c...
compiling irq.c...
compiling stm32f1xx_hal_i2c.c...
compiling mem.c...
compiling memheap.c...
compiling mempool.c...
compiling object.c...
compiling kservice.c...
compiling scheduler.c...
compiling slab.c...
compiling thread.c...
compiling timer.c...
compiling cpuport.c...
compiling finsh_port.c...
compiling cmd.c...
compiling msh.c...
compiling device.c...
compiling shell.c...
compiling stm32f1xx_hal_tim.c...
compiling AHT20.c...
AHT20\AHT20.h(35): warning:  #1-D: last line of file ends without a newline
  #endif
AHT20\AHT20.c(459): warning:  #550-D: variable "Byte_first"  was set but never used
  	uint8_t Byte_first,Byte_second,Byte_third,Byte_fourth;
AHT20\AHT20.c(459): warning:  #177-D: variable "Byte_fourth"  was declared but never referenced
  	uint8_t Byte_first,Byte_second,Byte_third,Byte_fourth;
AHT20\AHT20.c: 3 warnings, 0 errors
compiling board.c...
compiling stm32f1xx_hal_tim_ex.c...
compiling system_stm32f1xx.c...
compiling stm32f1xx_hal_uart.c...
compiling stm32f1xx_hal_exti.c...
compiling stm32f1xx_hal_flash_ex.c...
compiling stm32f1xx_hal_flash.c...
compiling stm32f1xx_hal_pwr.c...
linking...
Program Size: Code=16226 RO-data=1234 RW-data=148 ZI-data=5044  
FromELF: creating hex file...
"RT-Thread_CubeMX\RT-Thread_CubeMX.axf" - 0 Error(s), 4 Warning(s).

<h2>Software Packages used:</h2>

Package Vendor: ARM
                http://www.keil.com/pack/ARM.CMSIS.5.8.0.pack
                ARM.CMSIS.5.8.0
                CMSIS (Common Microcontroller Software Interface Standard)
   * Component: CORE Version: 5.5.0

Package Vendor: Keil
                http://www.keil.com/pack/Keil.STM32F1xx_DFP.2.4.0.pack
                Keil.STM32F1xx_DFP.2.4.0
                STMicroelectronics STM32F1 Series Device Support, Drivers and Examples

<h2>Collection of Component include folders:</h2>
  .\RTE\_RT-Thread_CubeMX
  D:\environment\Stm32\Kali_v5_5.36\packs\ARM\CMSIS\5.8.0\CMSIS\Core\Include
  D:\environment\Stm32\Kali_v5_5.36\packs\Keil\STM32F1xx_DFP\2.4.0\Device\Include

<h2>Collection of Component Files used:</h2>

   * Component: ARM::CMSIS:CORE:5.5.0
      Include file:  CMSIS\Core\Include\tz_context.h
Build Time Elapsed:  00:00:05
</pre>
</body>
</html>
